Archive member included to satisfy reference by file (symbol)

c:/program files (x86)/atmel/studio/7.0/toolchain/arm/arm-gnu-toolchain/bin/../lib/gcc/arm-none-eabi/5.3.1/armv6-m\libgcc.a(_udivsi3.o)
                              src/ASF/sam0/drivers/system/clock/clock_samd21_r21_da/clock.o (__aeabi_uidiv)
c:/program files (x86)/atmel/studio/7.0/toolchain/arm/arm-gnu-toolchain/bin/../lib/gcc/arm-none-eabi/5.3.1/armv6-m\libgcc.a(_dvmd_tls.o)
                              c:/program files (x86)/atmel/studio/7.0/toolchain/arm/arm-gnu-toolchain/bin/../lib/gcc/arm-none-eabi/5.3.1/armv6-m\libgcc.a(_udivsi3.o) (__aeabi_idiv0)
c:/program files (x86)/atmel/studio/7.0/toolchain/arm/arm-gnu-toolchain/bin/../lib/gcc/arm-none-eabi/5.3.1/armv6-m\libgcc.a(_muldi3.o)
                              src/ASF/sam0/drivers/sercom/sercom.o (__aeabi_lmul)
c:/program files (x86)/atmel/studio/7.0/toolchain/arm/arm-gnu-toolchain/bin/../lib/gcc/arm-none-eabi/5.3.1/../../../../arm-none-eabi/lib/armv6-m\libc_nano.a(lib_a-exit.o)
                              c:/program files (x86)/atmel/studio/7.0/toolchain/arm/arm-gnu-toolchain/bin/../lib/gcc/arm-none-eabi/5.3.1/../../../../arm-none-eabi/lib/armv6-m/crt0.o (exit)
c:/program files (x86)/atmel/studio/7.0/toolchain/arm/arm-gnu-toolchain/bin/../lib/gcc/arm-none-eabi/5.3.1/../../../../arm-none-eabi/lib/armv6-m\libc_nano.a(lib_a-impure.o)
                              c:/program files (x86)/atmel/studio/7.0/toolchain/arm/arm-gnu-toolchain/bin/../lib/gcc/arm-none-eabi/5.3.1/../../../../arm-none-eabi/lib/armv6-m\libc_nano.a(lib_a-exit.o) (_global_impure_ptr)
c:/program files (x86)/atmel/studio/7.0/toolchain/arm/arm-gnu-toolchain/bin/../lib/gcc/arm-none-eabi/5.3.1/../../../../arm-none-eabi/lib/armv6-m\libc_nano.a(lib_a-init.o)
                              c:/program files (x86)/atmel/studio/7.0/toolchain/arm/arm-gnu-toolchain/bin/../lib/gcc/arm-none-eabi/5.3.1/../../../../arm-none-eabi/lib/armv6-m/crt0.o (__libc_init_array)
c:/program files (x86)/atmel/studio/7.0/toolchain/arm/arm-gnu-toolchain/bin/../lib/gcc/arm-none-eabi/5.3.1/../../../../arm-none-eabi/lib/armv6-m\libc_nano.a(lib_a-memcpy-stub.o)
                              src/ASF/sam0/drivers/sercom/sercom_interrupt.o (memcpy)
c:/program files (x86)/atmel/studio/7.0/toolchain/arm/arm-gnu-toolchain/bin/../lib/gcc/arm-none-eabi/5.3.1/../../../../arm-none-eabi/lib/armv6-m\libc_nano.a(lib_a-memset.o)
                              c:/program files (x86)/atmel/studio/7.0/toolchain/arm/arm-gnu-toolchain/bin/../lib/gcc/arm-none-eabi/5.3.1/../../../../arm-none-eabi/lib/armv6-m/crt0.o (memset)
c:/program files (x86)/atmel/studio/7.0/toolchain/arm/arm-gnu-toolchain/bin/../lib/gcc/arm-none-eabi/5.3.1/../../../../arm-none-eabi/lib/armv6-m\libc_nano.a(lib_a-sprintf.o)
                              src/UARTsetup.o (sprintf)
c:/program files (x86)/atmel/studio/7.0/toolchain/arm/arm-gnu-toolchain/bin/../lib/gcc/arm-none-eabi/5.3.1/../../../../arm-none-eabi/lib/armv6-m\libc_nano.a(lib_a-nano-svfprintf.o)
                              c:/program files (x86)/atmel/studio/7.0/toolchain/arm/arm-gnu-toolchain/bin/../lib/gcc/arm-none-eabi/5.3.1/../../../../arm-none-eabi/lib/armv6-m\libc_nano.a(lib_a-sprintf.o) (_svfprintf_r)
c:/program files (x86)/atmel/studio/7.0/toolchain/arm/arm-gnu-toolchain/bin/../lib/gcc/arm-none-eabi/5.3.1/../../../../arm-none-eabi/lib/armv6-m\libc_nano.a(lib_a-nano-vfprintf_i.o)
                              c:/program files (x86)/atmel/studio/7.0/toolchain/arm/arm-gnu-toolchain/bin/../lib/gcc/arm-none-eabi/5.3.1/../../../../arm-none-eabi/lib/armv6-m\libc_nano.a(lib_a-nano-svfprintf.o) (_printf_i)
c:/program files (x86)/atmel/studio/7.0/toolchain/arm/arm-gnu-toolchain/bin/../lib/gcc/arm-none-eabi/5.3.1/../../../../arm-none-eabi/lib/armv6-m\libc_nano.a(lib_a-memchr-stub.o)
                              c:/program files (x86)/atmel/studio/7.0/toolchain/arm/arm-gnu-toolchain/bin/../lib/gcc/arm-none-eabi/5.3.1/../../../../arm-none-eabi/lib/armv6-m\libc_nano.a(lib_a-nano-svfprintf.o) (memchr)
c:/program files (x86)/atmel/studio/7.0/toolchain/arm/arm-gnu-toolchain/bin/../lib/gcc/arm-none-eabi/5.3.1/../../../../arm-none-eabi/lib/armv6-m\libc_nano.a(lib_a-memmove.o)
                              c:/program files (x86)/atmel/studio/7.0/toolchain/arm/arm-gnu-toolchain/bin/../lib/gcc/arm-none-eabi/5.3.1/../../../../arm-none-eabi/lib/armv6-m\libc_nano.a(lib_a-nano-svfprintf.o) (memmove)
c:/program files (x86)/atmel/studio/7.0/toolchain/arm/arm-gnu-toolchain/bin/../lib/gcc/arm-none-eabi/5.3.1/../../../../arm-none-eabi/lib/armv6-m\libc_nano.a(lib_a-nano-freer.o)
                              c:/program files (x86)/atmel/studio/7.0/toolchain/arm/arm-gnu-toolchain/bin/../lib/gcc/arm-none-eabi/5.3.1/../../../../arm-none-eabi/lib/armv6-m\libc_nano.a(lib_a-nano-svfprintf.o) (_free_r)
[...]
Memory Configuration

Name             Origin             Length             Attributes
rom              0x00000000         0x00040000         xr
ram              0x20000000         0x00008000         xrw
*default*        0x00000000         0xffffffff

Linker script and memory map

LOAD c:/program files (x86)/atmel/studio/7.0/toolchain/arm/arm-gnu-toolchain/bin/../lib/gcc/arm-none-eabi/5.3.1/armv6-m/crti.o
LOAD c:/program files (x86)/atmel/studio/7.0/toolchain/arm/arm-gnu-toolchain/bin/../lib/gcc/arm-none-eabi/5.3.1/armv6-m/crtbegin.o
LOAD c:/program files (x86)/atmel/studio/7.0/toolchain/arm/arm-gnu-toolchain/bin/../lib/gcc/arm-none-eabi/5.3.1/../../../../arm-none-eabi/lib/armv6-m/crt0.o
LOAD src/ASF/sam0/drivers/sercom/sercom_interrupt.o
LOAD src/ASF/sam0/drivers/sercom/usart/usart_interrupt.o
LOAD src/ASF/sam0/drivers/tc/tc_interrupt.o
LOAD src/ASF/sam0/drivers/tc/tc_sam_d_r/tc.o
LOAD src/bumpers.o
LOAD src/button_landing.o
LOAD src/timer.o
LOAD src/UARTsetup.o
LOAD src/ASF/common/utils/interrupt/interrupt_sam_nvic.o
LOAD src/ASF/sam0/boards/samd21_xplained_pro/board_init.o
LOAD src/ASF/sam0/drivers/port/port.o
LOAD src/ASF/sam0/drivers/sercom/sercom.o
LOAD src/ASF/sam0/drivers/sercom/spi/spi.o
LOAD src/ASF/sam0/drivers/sercom/usart/usart.o
LOAD src/ASF/sam0/drivers/system/clock/clock_samd21_r21_da/clock.o
LOAD src/ASF/sam0/drivers/system/clock/clock_samd21_r21_da/gclk.o
LOAD src/ASF/sam0/drivers/system/interrupt/system_interrupt.o
LOAD src/ASF/sam0/drivers/system/pinmux/pinmux.o
LOAD src/ASF/sam0/drivers/system/system.o
LOAD src/ASF/sam0/utils/cmsis/samd21/source/gcc/startup_samd21.o
LOAD src/ASF/sam0/utils/cmsis/samd21/source/system_samd21.o
LOAD src/ASF/sam0/utils/syscalls/gcc/syscalls.o
LOAD src/qs_usart_basic_use.o
START GROUP
LOAD ../src/ASF/thirdparty/CMSIS/Lib/GCC\libarm_cortexM0l_math.a
LOAD c:/program files (x86)/atmel/studio/7.0/toolchain/arm/arm-gnu-toolchain/bin/../lib/gcc/arm-none-eabi/5.3.1/../../../../arm-none-eabi/lib/armv6-m\libm.a
END GROUP
START GROUP
LOAD c:/program files (x86)/atmel/studio/7.0/toolchain/arm/arm-gnu-toolchain/bin/../lib/gcc/arm-none-eabi/5.3.1/armv6-m\libgcc.a
LOAD c:/program files (x86)/atmel/studio/7.0/toolchain/arm/arm-gnu-toolchain/bin/../lib/gcc/arm-none-eabi/5.3.1/../../../../arm-none-eabi/lib/armv6-m\libc_nano.a
END GROUP
START GROUP
LOAD c:/program files (x86)/atmel/studio/7.0/toolchain/arm/arm-gnu-toolchain/bin/../lib/gcc/arm-none-eabi/5.3.1/armv6-m\libgcc.a
LOAD c:/program files (x86)/atmel/studio/7.0/toolchain/arm/arm-gnu-toolchain/bin/../lib/gcc/arm-none-eabi/5.3.1/../../../../arm-none-eabi/lib/armv6-m\libc_nano.a
END GROUP
LOAD c:/program files (x86)/atmel/studio/7.0/toolchain/arm/arm-gnu-toolchain/bin/../lib/gcc/arm-none-eabi/5.3.1/armv6-m/crtend.o
LOAD c:/program files (x86)/atmel/studio/7.0/toolchain/arm/arm-gnu-toolchain/bin/../lib/gcc/arm-none-eabi/5.3.1/armv6-m/crtn.o
                0x00002000                STACK_SIZE = DEFINED (STACK_SIZE)?STACK_SIZE:DEFINED (__stack_size__)?__stack_size__:0x2000

.text           0x00000000     0x1c5c
                0x00000000                . = ALIGN (0x4)
                0x00000000                _sfixed = .
 *(.vectors .vectors.*)
 .vectors       0x00000000       0xb4 src/ASF/sam0/utils/cmsis/samd21/source/gcc/startup_samd21.o
                0x00000000                exception_table
 *(.text .text.* .gnu.linkonce.t.*)
 .text          0x000000b4       0x60 c:/program files (x86)/atmel/studio/7.0/toolchain/arm/arm-gnu-toolchain/bin/../lib/gcc/arm-none-eabi/5.3.1/armv6-m/crtbegin.o
 .text._sercom_default_handler
                0x00000114        0x4 src/ASF/sam0/drivers/sercom/sercom_interrupt.o
 .text._sercom_set_handler
                0x00000118       0x3c src/ASF/sam0/drivers/sercom/sercom_interrupt.o
                0x00000118                _sercom_set_handler
 .text._sercom_get_interrupt_vector
                0x00000154       0x2c src/ASF/sam0/drivers/sercom/sercom_interrupt.o
                0x00000154                _sercom_get_interrupt_vector
 .text.SERCOM0_Handler
                0x00000180       0x10 src/ASF/sam0/drivers/sercom/sercom_interrupt.o
                0x00000180                SERCOM0_Handler
 .text.SERCOM1_Handler
                0x00000190       0x10 src/ASF/sam0/drivers/sercom/sercom_interrupt.o
                0x00000190                SERCOM1_Handler
 .text.SERCOM2_Handler
                0x000001a0       0x10 src/ASF/sam0/drivers/sercom/sercom_interrupt.o
                0x000001a0                SERCOM2_Handler
 .text.SERCOM3_Handler
                0x000001b0       0x10 src/ASF/sam0/drivers/sercom/sercom_interrupt.o
                0x000001b0                SERCOM3_Handler
 .text.SERCOM4_Handler
                0x000001c0       0x10 src/ASF/sam0/drivers/sercom/sercom_interrupt.o
                0x000001c0                SERCOM4_Handler
 .text.SERCOM5_Handler
                0x000001d0       0x10 src/ASF/sam0/drivers/sercom/sercom_interrupt.o
                0x000001d0                SERCOM5_Handler
 .text._usart_interrupt_handler
                0x000001e0      0x18c src/ASF/sam0/drivers/sercom/usart/usart_interrupt.o
                0x000001e0                _usart_interrupt_handler
 .text.tc_register_callback
                0x0000036c       0x30 src/ASF/sam0/drivers/tc/tc_interrupt.o
                0x0000036c                tc_register_callback
 .text._tc_interrupt_handler
                0x0000039c       0x5c src/ASF/sam0/drivers/tc/tc_interrupt.o
                0x0000039c                _tc_interrupt_handler
 .text.TC3_Handler
                0x000003f8       0x10 src/ASF/sam0/drivers/tc/tc_interrupt.o
                0x000003f8                TC3_Handler
 .text.TC4_Handler
                0x00000408       0x10 src/ASF/sam0/drivers/tc/tc_interrupt.o
                0x00000408                TC4_Handler
 .text.TC5_Handler
                0x00000418       0x10 src/ASF/sam0/drivers/tc/tc_interrupt.o
                0x00000418                TC5_Handler
 .text._tc_get_inst_index
                0x00000428       0x38 src/ASF/sam0/drivers/tc/tc_sam_d_r/tc.o
                0x00000428                _tc_get_inst_index
 .text.tc_init  0x00000460      0x27c src/ASF/sam0/drivers/tc/tc_sam_d_r/tc.o
                0x00000460                tc_init
 .text.init_bumpers
                0x000006dc       0x30 src/bumpers.o
                0x000006dc                init_bumpers
 .text.bumpers_is_pushed
                0x0000070c       0x18 src/bumpers.o
                0x0000070c                bumpers_is_pushed
 .text.init_button_landing
                0x00000724       0x48 src/button_landing.o
                0x00000724                init_button_landing
 .text.read_button_landing
                0x0000076c       0x44 src/button_landing.o
                0x0000076c                read_button_landing
 .text.number_of_triggered_landing_buttons
                0x000007b0       0x1c src/button_landing.o
                0x000007b0                number_of_triggered_landing_buttons
 .text.tc_callback_to_send_data
                0x000007cc       0x14 src/timer.o
                0x000007cc                tc_callback_to_send_data
 .text.configure_tc
                0x000007e0       0x70 src/timer.o
                0x000007e0                configure_tc
 .text.configure_tc_callbacks
                0x00000850       0x4c src/timer.o
                0x00000850                configure_tc_callbacks
 .text.tc_set_data_to_send
                0x0000089c        0xc src/timer.o
                0x0000089c                tc_set_data_to_send
 .text.configure_usart
                0x000008a8       0xbc src/UARTsetup.o
                0x000008a8                configure_usart
 .text.print    0x00000964       0x18 src/UARTsetup.o
                0x00000964                print
 .text.cpu_irq_enter_critical
                0x0000097c       0x40 src/ASF/common/utils/interrupt/interrupt_sam_nvic.o
                0x0000097c                cpu_irq_enter_critical
 .text.cpu_irq_leave_critical
                0x000009bc       0x30 src/ASF/common/utils/interrupt/interrupt_sam_nvic.o
                0x000009bc                cpu_irq_leave_critical
 .text.system_board_init
                0x000009ec       0x38 src/ASF/sam0/boards/samd21_xplained_pro/board_init.o
                0x000009ec                board_init
                0x000009ec                system_board_init
 .text.port_pin_set_config
                0x00000a24       0x24 src/ASF/sam0/drivers/port/port.o
                0x00000a24                port_pin_set_config
 .text._sercom_get_sync_baud_val
                0x00000a48       0x28 src/ASF/sam0/drivers/sercom/sercom.o
                0x00000a48                _sercom_get_sync_baud_val
 .text._sercom_get_async_baud_val
                0x00000a70      0x1c8 src/ASF/sam0/drivers/sercom/sercom.o
                0x00000a70                _sercom_get_async_baud_val
 .text.sercom_set_gclk_generator
                0x00000c38       0x4c src/ASF/sam0/drivers/sercom/sercom.o
                0x00000c38                sercom_set_gclk_generator
 .text._sercom_get_default_pad
                0x00000c84      0x188 src/ASF/sam0/drivers/sercom/sercom.o
                0x00000c84                _sercom_get_default_pad
 .text._sercom_get_sercom_inst_index
                0x00000e0c       0x3c src/ASF/sam0/drivers/sercom/sercom.o
                0x00000e0c                _sercom_get_sercom_inst_index
 .text.usart_init
                0x00000e48      0x338 src/ASF/sam0/drivers/sercom/usart/usart.o
                0x00000e48                usart_init
 .text.usart_write_wait
                0x00001180       0x2c src/ASF/sam0/drivers/sercom/usart/usart.o
                0x00001180                usart_write_wait
 .text.usart_write_buffer_wait
                0x000011ac       0xb8 src/ASF/sam0/drivers/sercom/usart/usart.o
                0x000011ac                usart_write_buffer_wait
 .text.system_clock_source_get_hz
                0x00001264       0x90 src/ASF/sam0/drivers/system/clock/clock_samd21_r21_da/clock.o
                0x00001264                system_clock_source_get_hz
 .text.system_clock_source_osc8m_set_config
                0x000012f4       0x3c src/ASF/sam0/drivers/system/clock/clock_samd21_r21_da/clock.o
                0x000012f4                system_clock_source_osc8m_set_config
 .text.system_clock_source_enable
                0x00001330       0xa8 src/ASF/sam0/drivers/system/clock/clock_samd21_r21_da/clock.o
                0x00001330                system_clock_source_enable
 .text.system_clock_init
                0x000013d8       0xbc src/ASF/sam0/drivers/system/clock/clock_samd21_r21_da/clock.o
                0x000013d8                system_clock_init
 .text.system_gclk_init
                0x00001494       0x24 src/ASF/sam0/drivers/system/clock/clock_samd21_r21_da/gclk.o
                0x00001494                system_gclk_init
 .text.system_gclk_gen_set_config
                0x000014b8       0xb8 src/ASF/sam0/drivers/system/clock/clock_samd21_r21_da/gclk.o
                0x000014b8                system_gclk_gen_set_config
 .text.system_gclk_gen_enable
                0x00001570       0x44 src/ASF/sam0/drivers/system/clock/clock_samd21_r21_da/gclk.o
                0x00001570                system_gclk_gen_enable
 .text.system_gclk_gen_get_hz
                0x000015b4       0x8c src/ASF/sam0/drivers/system/clock/clock_samd21_r21_da/gclk.o
                0x000015b4                system_gclk_gen_get_hz
 .text.system_gclk_chan_enable
                0x00001640       0x30 src/ASF/sam0/drivers/system/clock/clock_samd21_r21_da/gclk.o
                0x00001640                system_gclk_chan_enable
 .text.system_gclk_chan_disable
                0x00001670       0x5c src/ASF/sam0/drivers/system/clock/clock_samd21_r21_da/gclk.o
                0x00001670                system_gclk_chan_disable
 .text.system_gclk_chan_set_config
                0x000016cc       0x1c src/ASF/sam0/drivers/system/clock/clock_samd21_r21_da/gclk.o
                0x000016cc                system_gclk_chan_set_config
 .text.system_gclk_chan_get_hz
                0x000016e8       0x34 src/ASF/sam0/drivers/system/clock/clock_samd21_r21_da/gclk.o
                0x000016e8                system_gclk_chan_get_hz
 .text._system_pinmux_config
                0x0000171c       0xa8 src/ASF/sam0/drivers/system/pinmux/pinmux.o
 .text.system_pinmux_pin_set_config
                0x000017c4       0x30 src/ASF/sam0/drivers/system/pinmux/pinmux.o
                0x000017c4                system_pinmux_pin_set_config
 .text._system_dummy_init
                0x000017f4        0x4 src/ASF/sam0/drivers/system/system.o
                0x000017f4                _system_extint_init
                0x000017f4                _system_events_init
                0x000017f4                _system_dummy_init
                0x000017f4                _system_divas_init
 .text.system_init
                0x000017f8       0x2c src/ASF/sam0/drivers/system/system.o
                0x000017f8                system_init
 .text.Dummy_Handler
                0x00001824        0x4 src/ASF/sam0/utils/cmsis/samd21/source/gcc/startup_samd21.o
                0x00001824                DMAC_Handler
                0x00001824                HardFault_Handler
                0x00001824                AC_Handler
                0x00001824                SysTick_Handler
                0x00001824                PendSV_Handler
                0x00001824                NMI_Handler
                0x00001824                ADC_Handler
                0x00001824                TCC1_Handler
                0x00001824                TCC0_Handler
                0x00001824                RTC_Handler
                0x00001824                EIC_Handler
                0x00001824                WDT_Handler
                0x00001824                USB_Handler
                0x00001824                Dummy_Handler
                0x00001824                PM_Handler
                0x00001824                SVC_Handler
                0x00001824                TCC2_Handler
                0x00001824                EVSYS_Handler
                0x00001824                I2S_Handler
                0x00001824                NVMCTRL_Handler
                0x00001824                DAC_Handler
                0x00001824                PTC_Handler
                0x00001824                SYSCTRL_Handler
 .text.Reset_Handler
                0x00001828       0xf8 src/ASF/sam0/utils/cmsis/samd21/source/gcc/startup_samd21.o
                0x00001828                Reset_Handler
 .text.loop     0x00001920       0x60 src/qs_usart_basic_use.o
                0x00001920                loop
 .text.main     0x00001980       0x64 src/qs_usart_basic_use.o
                0x00001980                main
 .text          0x000019e4      0x114 c:/program files (x86)/atmel/studio/7.0/toolchain/arm/arm-gnu-toolchain/bin/../lib/gcc/arm-none-eabi/5.3.1/armv6-m\libgcc.a(_udivsi3.o)
                0x000019e4                __aeabi_uidiv
                0x000019e4                __udivsi3
                0x00001af0                __aeabi_uidivmod
 .text          0x00001af8        0x4 c:/program files (x86)/atmel/studio/7.0/toolchain/arm/arm-gnu-toolchain/bin/../lib/gcc/arm-none-eabi/5.3.1/armv6-m\libgcc.a(_dvmd_tls.o)
                0x00001af8                __aeabi_idiv0
                0x00001af8                __aeabi_ldiv0
 .text          0x00001afc       0x58 c:/program files (x86)/atmel/studio/7.0/toolchain/arm/arm-gnu-toolchain/bin/../lib/gcc/arm-none-eabi/5.3.1/armv6-m\libgcc.a(_muldi3.o)
                0x00001afc                __muldi3
                0x00001afc                __aeabi_lmul
 .text.__libc_init_array
                0x00001b54       0x4c c:/program files (x86)/atmel/studio/7.0/toolchain/arm/arm-gnu-toolchain/bin/../lib/gcc/arm-none-eabi/5.3.1/../../../../arm-none-eabi/lib/armv6-m\libc_nano.a(lib_a-init.o)
                0x00001b54                __libc_init_array
 .text.memcpy   0x00001ba0       0x12 c:/program files (x86)/atmel/studio/7.0/toolchain/arm/arm-gnu-toolchain/bin/../lib/gcc/arm-none-eabi/5.3.1/../../../../arm-none-eabi/lib/armv6-m\libc_nano.a(lib_a-memcpy-stub.o)
                0x00001ba0                memcpy
 *(.glue_7t)
 .glue_7t       0x00001bb2        0x0 linker stubs
 *(.glue_7)
 .glue_7        0x00001bb2        0x0 linker stubs
 *(.rodata .rodata* .gnu.linkonce.r.*)
 *fill*         0x00001bb2        0x2 
 .rodata        0x00001bb4        0x6 src/ASF/sam0/drivers/sercom/sercom_interrupt.o
 *fill*         0x00001bba        0x2 
 .rodata        0x00001bbc       0x16 src/ASF/sam0/drivers/tc/tc_sam_d_r/tc.o
 *fill*         0x00001bd2        0x2 
 .rodata.tc_interrupt_vectors.12940
                0x00001bd4        0x3 src/timer.o
 *fill*         0x00001bd7        0x1 
 .rodata        0x00001bd8       0x18 src/ASF/sam0/drivers/sercom/sercom.o
 .rodata.system_clock_source_get_hz
                0x00001bf0       0x24 src/ASF/sam0/drivers/system/clock/clock_samd21_r21_da/clock.o
 .rodata.system_clock_source_enable
                0x00001c14       0x24 src/ASF/sam0/drivers/system/clock/clock_samd21_r21_da/clock.o
 .rodata.str1.4
                0x00001c38        0x4 src/qs_usart_basic_use.o
                                  0x2 (size before relaxing)
 *(.ARM.extab* .gnu.linkonce.armextab.*)
                0x00001c3c                . = ALIGN (0x4)
 *(.init)
 .init          0x00001c3c        0x4 c:/program files (x86)/atmel/studio/7.0/toolchain/arm/arm-gnu-toolchain/bin/../lib/gcc/arm-none-eabi/5.3.1/armv6-m/crti.o
                0x00001c3c                _init
 .init          0x00001c40        0x8 c:/program files (x86)/atmel/studio/7.0/toolchain/arm/arm-gnu-toolchain/bin/../lib/gcc/arm-none-eabi/5.3.1/armv6-m/crtn.o
                0x00001c48                . = ALIGN (0x4)
                0x00001c48                __preinit_array_start = .
 *(.preinit_array)
                0x00001c48                __preinit_array_end = .
                0x00001c48                . = ALIGN (0x4)
                0x00001c48                __init_array_start = .
 *(SORT(.init_array.*))
 *(.init_array)
 .init_array    0x00001c48        0x4 c:/program files (x86)/atmel/studio/7.0/toolchain/arm/arm-gnu-toolchain/bin/../lib/gcc/arm-none-eabi/5.3.1/armv6-m/crtbegin.o
                0x00001c4c                __init_array_end = .
                0x00001c4c                . = ALIGN (0x4)
 *crtbegin.o(.ctors)
 *(EXCLUDE_FILE(*crtend.o) .ctors)
 *(SORT(.ctors.*))
 *crtend.o(.ctors)
                0x00001c4c                . = ALIGN (0x4)
 *(.fini)
 .fini          0x00001c4c        0x4 c:/program files (x86)/atmel/studio/7.0/toolchain/arm/arm-gnu-toolchain/bin/../lib/gcc/arm-none-eabi/5.3.1/armv6-m/crti.o
                0x00001c4c                _fini
 .fini          0x00001c50        0x8 c:/program files (x86)/atmel/studio/7.0/toolchain/arm/arm-gnu-toolchain/bin/../lib/gcc/arm-none-eabi/5.3.1/armv6-m/crtn.o
                0x00001c58                . = ALIGN (0x4)
                0x00001c58                __fini_array_start = .
 *(.fini_array)
 .fini_array    0x00001c58        0x4 c:/program files (x86)/atmel/studio/7.0/toolchain/arm/arm-gnu-toolchain/bin/../lib/gcc/arm-none-eabi/5.3.1/armv6-m/crtbegin.o
 *(SORT(.fini_array.*))
                0x00001c5c                __fini_array_end = .
 *crtbegin.o(.dtors)
 *(EXCLUDE_FILE(*crtend.o) .dtors)
 *(SORT(.dtors.*))
 *crtend.o(.dtors)
                0x00001c5c                . = ALIGN (0x4)
                0x00001c5c                _efixed = .
                [!provide]                PROVIDE (__exidx_start, .)

.vfp11_veneer   0x00001c5c        0x0
 .vfp11_veneer  0x00001c5c        0x0 linker stubs

.v4_bx          0x00001c5c        0x0
 .v4_bx         0x00001c5c        0x0 linker stubs

.iplt           0x00001c5c        0x0
 .iplt          0x00001c5c        0x0 c:/program files (x86)/atmel/studio/7.0/toolchain/arm/arm-gnu-toolchain/bin/../lib/gcc/arm-none-eabi/5.3.1/armv6-m/crtbegin.o

.eh_frame       0x00001c5c        0x0
 .eh_frame      0x00001c5c        0x0 c:/program files (x86)/atmel/studio/7.0/toolchain/arm/arm-gnu-toolchain/bin/../lib/gcc/arm-none-eabi/5.3.1/armv6-m/crtbegin.o

.rel.dyn        0x00001c5c        0x0
 .rel.iplt      0x00001c5c        0x0 c:/program files (x86)/atmel/studio/7.0/toolchain/arm/arm-gnu-toolchain/bin/../lib/gcc/arm-none-eabi/5.3.1/armv6-m/crtbegin.o

.jcr            0x00001c5c        0x0
 .jcr           0x00001c5c        0x0 c:/program files (x86)/atmel/studio/7.0/toolchain/arm/arm-gnu-toolchain/bin/../lib/gcc/arm-none-eabi/5.3.1/armv6-m/crtbegin.o

.igot.plt       0x00001c5c        0x0
 .igot.plt      0x00001c5c        0x0 c:/program files (x86)/atmel/studio/7.0/toolchain/arm/arm-gnu-toolchain/bin/../lib/gcc/arm-none-eabi/5.3.1/armv6-m/crtbegin.o

.ARM.exidx
 *(.ARM.exidx* .gnu.linkonce.armexidx.*)
                [!provide]                PROVIDE (__exidx_end, .)
                0x00001c5c                . = ALIGN (0x4)
                0x00001c5c                _etext = .

.relocate       0x20000000        0x4 load address 0x00001c5c
                0x20000000                . = ALIGN (0x4)
                0x20000000                _srelocate = .
 *(.ramfunc .ramfunc.*)
 *(.data .data.*)
 .data.tc_data  0x20000000        0x1 src/timer.o
                0x20000000                tc_data
 .data.g_interrupt_enabled
                0x20000001        0x1 src/ASF/common/utils/interrupt/interrupt_sam_nvic.o
                0x20000001                g_interrupt_enabled
                0x20000004                . = ALIGN (0x4)
 *fill*         0x20000002        0x2 
                0x20000004                _erelocate = .

.bss            0x20000004      0x110 load address 0x00001c60
                0x20000004                . = ALIGN (0x4)
                0x20000004                _sbss = .
                0x20000004                _szero = .
 *(.bss .bss.*)
 .bss           0x20000004       0x1c c:/program files (x86)/atmel/studio/7.0/toolchain/arm/arm-gnu-toolchain/bin/../lib/gcc/arm-none-eabi/5.3.1/armv6-m/crtbegin.o
 .bss._handler_table_initialized
                0x20000020        0x1 src/ASF/sam0/drivers/sercom/sercom_interrupt.o
 *fill*         0x20000021        0x3 
 .bss._sercom_interrupt_handlers
                0x20000024       0x18 src/ASF/sam0/drivers/sercom/sercom_interrupt.o
 .bss.cpu_irq_critical_section_counter
                0x2000003c        0x4 src/ASF/common/utils/interrupt/interrupt_sam_nvic.o
 .bss.cpu_irq_prev_interrupt_state
                0x20000040        0x1 src/ASF/common/utils/interrupt/interrupt_sam_nvic.o
 *fill*         0x20000041        0x3 
 .bss._sercom_config
                0x20000044        0x2 src/ASF/sam0/drivers/sercom/sercom.o
 *fill*         0x20000046        0x2 
 .bss._system_clock_inst
                0x20000048       0x18 src/ASF/sam0/drivers/system/clock/clock_samd21_r21_da/clock.o
 *(COMMON)
 COMMON         0x20000060       0x18 src/ASF/sam0/drivers/sercom/sercom_interrupt.o
                0x20000060                _sercom_instances
 COMMON         0x20000078        0xc src/ASF/sam0/drivers/tc/tc_interrupt.o
                0x20000078                _tc_instances
 COMMON         0x20000084       0x70 src/bumpers.o
                0x20000084                usart_instance
                0x200000b8                rx_buffer
                0x200000bc                bumpers_enum
                0x200000c0                c
 COMMON         0x200000f4       0x1c src/timer.o
                0x200000f4                tc_instance
 COMMON         0x20000110        0x1 src/qs_usart_basic_use.o
                0x20000110                drone_state
                0x20000114                . = ALIGN (0x4)
 *fill*         0x20000111        0x3 
                0x20000114                _ebss = .
                0x20000114                _ezero = .

.stack          0x20000114     0x2004 load address 0x00001d70
                0x20000118                . = ALIGN (0x8)
 *fill*         0x20000114        0x4 
                0x20000118                _sstack = .
                0x20002118                . = (. + STACK_SIZE)
 *fill*         0x20000118     0x2000 
                0x20002118                . = ALIGN (0x8)
                0x20002118                _estack = .
                0x20002118                . = ALIGN (0x4)
                0x20002118                _end = .
OUTPUT(USART_QUICK_START1.elf elf32-littlearm)

.ARM.attributes
                0x00000000       0x28
 .ARM.attributes
                0x00000000       0x1e c:/program files (x86)/atmel/studio/7.0/toolchain/arm/arm-gnu-toolchain/bin/../lib/gcc/arm-none-eabi/5.3.1/armv6-m/crti.o
 .ARM.attributes
                0x0000001e       0x2c c:/program files (x86)/atmel/studio/7.0/toolchain/arm/arm-gnu-toolchain/bin/../lib/gcc/arm-none-eabi/5.3.1/armv6-m/crtbegin.o
 .ARM.attributes
                0x0000004a       0x32 src/ASF/sam0/drivers/sercom/sercom_interrupt.o
 .ARM.attributes
                0x0000007c       0x32 src/ASF/sam0/drivers/sercom/usart/usart_interrupt.o
 .ARM.attributes
                0x000000ae       0x32 src/ASF/sam0/drivers/tc/tc_interrupt.o
 .ARM.attributes
                0x000000e0       0x32 src/ASF/sam0/drivers/tc/tc_sam_d_r/tc.o
 .ARM.attributes
                0x00000112       0x32 src/bumpers.o
 .ARM.attributes
                0x00000144       0x32 src/button_landing.o
 .ARM.attributes
                0x00000176       0x32 src/timer.o
 .ARM.attributes
                0x000001a8       0x32 src/UARTsetup.o
 .ARM.attributes
                0x000001da       0x32 src/ASF/common/utils/interrupt/interrupt_sam_nvic.o
 .ARM.attributes
                0x0000020c       0x32 src/ASF/sam0/boards/samd21_xplained_pro/board_init.o
 .ARM.attributes
                0x0000023e       0x32 src/ASF/sam0/drivers/port/port.o
 .ARM.attributes
                0x00000270       0x32 src/ASF/sam0/drivers/sercom/sercom.o
 .ARM.attributes
                0x000002a2       0x32 src/ASF/sam0/drivers/sercom/usart/usart.o
 .ARM.attributes
                0x000002d4       0x32 src/ASF/sam0/drivers/system/clock/clock_samd21_r21_da/clock.o
 .ARM.attributes
                0x00000306       0x32 src/ASF/sam0/drivers/system/clock/clock_samd21_r21_da/gclk.o
 .ARM.attributes
                0x00000338       0x32 src/ASF/sam0/drivers/system/pinmux/pinmux.o
 .ARM.attributes
                0x0000036a       0x32 src/ASF/sam0/drivers/system/system.o
 .ARM.attributes
                0x0000039c       0x32 src/ASF/sam0/utils/cmsis/samd21/source/gcc/startup_samd21.o
 .ARM.attributes
                0x000003ce       0x32 src/qs_usart_basic_use.o
 .ARM.attributes
                0x00000400       0x1e c:/program files (x86)/atmel/studio/7.0/toolchain/arm/arm-gnu-toolchain/bin/../lib/gcc/arm-none-eabi/5.3.1/armv6-m\libgcc.a(_udivsi3.o)
 .ARM.attributes
                0x0000041e       0x1e c:/program files (x86)/atmel/studio/7.0/toolchain/arm/arm-gnu-toolchain/bin/../lib/gcc/arm-none-eabi/5.3.1/armv6-m\libgcc.a(_dvmd_tls.o)
 .ARM.attributes
                0x0000043c       0x2c c:/program files (x86)/atmel/studio/7.0/toolchain/arm/arm-gnu-toolchain/bin/../lib/gcc/arm-none-eabi/5.3.1/armv6-m\libgcc.a(_muldi3.o)
 .ARM.attributes
                0x00000468       0x2c c:/program files (x86)/atmel/studio/7.0/toolchain/arm/arm-gnu-toolchain/bin/../lib/gcc/arm-none-eabi/5.3.1/../../../../arm-none-eabi/lib/armv6-m\libc_nano.a(lib_a-init.o)
 .ARM.attributes
                0x00000494       0x2c c:/program files (x86)/atmel/studio/7.0/toolchain/arm/arm-gnu-toolchain/bin/../lib/gcc/arm-none-eabi/5.3.1/../../../../arm-none-eabi/lib/armv6-m\libc_nano.a(lib_a-memcpy-stub.o)
 .ARM.attributes
                0x000004c0       0x1e c:/program files (x86)/atmel/studio/7.0/toolchain/arm/arm-gnu-toolchain/bin/../lib/gcc/arm-none-eabi/5.3.1/armv6-m/crtn.o

.comment        0x00000000       0x59
 .comment       0x00000000       0x59 src/ASF/sam0/drivers/sercom/sercom_interrupt.o
                                 0x5a (size before relaxing)
 .comment       0x00000059       0x5a src/ASF/sam0/drivers/sercom/usart/usart_interrupt.o
 .comment       0x00000059       0x5a src/ASF/sam0/drivers/tc/tc_interrupt.o
 .comment       0x00000059       0x5a src/ASF/sam0/drivers/tc/tc_sam_d_r/tc.o
 .comment       0x00000059       0x5a src/bumpers.o
 .comment       0x00000059       0x5a src/button_landing.o
 .comment       0x00000059       0x5a src/timer.o
 .comment       0x00000059       0x5a src/UARTsetup.o
 .comment       0x00000059       0x5a src/ASF/common/utils/interrupt/interrupt_sam_nvic.o
 .comment       0x00000059       0x5a src/ASF/sam0/boards/samd21_xplained_pro/board_init.o
 .comment       0x00000059       0x5a src/ASF/sam0/drivers/port/port.o
 .comment       0x00000059       0x5a src/ASF/sam0/drivers/sercom/sercom.o
 .comment       0x00000059       0x5a src/ASF/sam0/drivers/sercom/usart/usart.o
 .comment       0x00000059       0x5a src/ASF/sam0/drivers/system/clock/clock_samd21_r21_da/clock.o
 .comment       0x00000059       0x5a src/ASF/sam0/drivers/system/clock/clock_samd21_r21_da/gclk.o
 .comment       0x00000059       0x5a src/ASF/sam0/drivers/system/pinmux/pinmux.o
 .comment       0x00000059       0x5a src/ASF/sam0/drivers/system/system.o
 .comment       0x00000059       0x5a src/ASF/sam0/utils/cmsis/samd21/source/gcc/startup_samd21.o
 .comment       0x00000059       0x5a src/qs_usart_basic_use.o

.debug_info     0x00000000    0x25f79
 .debug_info    0x00000000     0x2327 src/ASF/sam0/drivers/sercom/sercom_interrupt.o
 .debug_info    0x00002327     0x2789 src/ASF/sam0/drivers/sercom/usart/usart_interrupt.o
 .debug_info    0x00004ab0     0x125c src/ASF/sam0/drivers/tc/tc_interrupt.o
 .debug_info    0x00005d0c     0x2643 src/ASF/sam0/drivers/tc/tc_sam_d_r/tc.o
 .debug_info    0x0000834f     0x29a7 src/bumpers.o
 .debug_info    0x0000acf6      0x804 src/button_landing.o
 .debug_info    0x0000b4fa     0x3898 src/timer.o
 .debug_info    0x0000ed92     0x33a3 src/UARTsetup.o
 .debug_info    0x00012135      0x1ea src/ASF/common/utils/interrupt/interrupt_sam_nvic.o
 .debug_info    0x0001231f      0x98c src/ASF/sam0/boards/samd21_xplained_pro/board_init.o
 .debug_info    0x00012cab      0x982 src/ASF/sam0/drivers/port/port.o
 .debug_info    0x0001362d     0x254b src/ASF/sam0/drivers/sercom/sercom.o
 .debug_info    0x00015b78     0x418c src/ASF/sam0/drivers/sercom/usart/usart.o
 .debug_info    0x00019d04     0x2e55 src/ASF/sam0/drivers/system/clock/clock_samd21_r21_da/clock.o
 .debug_info    0x0001cb59     0x1545 src/ASF/sam0/drivers/system/clock/clock_samd21_r21_da/gclk.o
 .debug_info    0x0001e09e      0xae3 src/ASF/sam0/drivers/system/pinmux/pinmux.o
 .debug_info    0x0001eb81      0x17c src/ASF/sam0/drivers/system/system.o
 .debug_info    0x0001ecfd     0x3a8a src/ASF/sam0/utils/cmsis/samd21/source/gcc/startup_samd21.o
 .debug_info    0x00022787     0x37f2 src/qs_usart_basic_use.o

.debug_abbrev   0x00000000     0x31d6
 .debug_abbrev  0x00000000      0x237 src/ASF/sam0/drivers/sercom/sercom_interrupt.o
 .debug_abbrev  0x00000237      0x37f src/ASF/sam0/drivers/sercom/usart/usart_interrupt.o
 .debug_abbrev  0x000005b6      0x266 src/ASF/sam0/drivers/tc/tc_interrupt.o
 .debug_abbrev  0x0000081c      0x3d8 src/ASF/sam0/drivers/tc/tc_sam_d_r/tc.o
 .debug_abbrev  0x00000bf4      0x23a src/bumpers.o
 .debug_abbrev  0x00000e2e      0x208 src/button_landing.o
 .debug_abbrev  0x00001036      0x330 src/timer.o
 .debug_abbrev  0x00001366      0x353 src/UARTsetup.o
 .debug_abbrev  0x000016b9       0xf6 src/ASF/common/utils/interrupt/interrupt_sam_nvic.o
 .debug_abbrev  0x000017af      0x224 src/ASF/sam0/boards/samd21_xplained_pro/board_init.o
 .debug_abbrev  0x000019d3      0x1dc src/ASF/sam0/drivers/port/port.o
 .debug_abbrev  0x00001baf      0x308 src/ASF/sam0/drivers/sercom/sercom.o
 .debug_abbrev  0x00001eb7      0x3f8 src/ASF/sam0/drivers/sercom/usart/usart.o
 .debug_abbrev  0x000022af      0x3bf src/ASF/sam0/drivers/system/clock/clock_samd21_r21_da/clock.o
 .debug_abbrev  0x0000266e      0x338 src/ASF/sam0/drivers/system/clock/clock_samd21_r21_da/gclk.o
 .debug_abbrev  0x000029a6      0x2d2 src/ASF/sam0/drivers/system/pinmux/pinmux.o
 .debug_abbrev  0x00002c78       0xbb src/ASF/sam0/drivers/system/system.o
 .debug_abbrev  0x00002d33      0x217 src/ASF/sam0/utils/cmsis/samd21/source/gcc/startup_samd21.o
 .debug_abbrev  0x00002f4a      0x28c src/qs_usart_basic_use.o

.debug_loc      0x00000000     0x4b16
 .debug_loc     0x00000000      0x16c src/ASF/sam0/drivers/sercom/sercom_interrupt.o
 .debug_loc     0x0000016c      0x5bb src/ASF/sam0/drivers/sercom/usart/usart_interrupt.o
 .debug_loc     0x00000727      0x15c src/ASF/sam0/drivers/tc/tc_interrupt.o
 .debug_loc     0x00000883      0xe17 src/ASF/sam0/drivers/tc/tc_sam_d_r/tc.o
 .debug_loc     0x0000169a       0x6c src/bumpers.o
 .debug_loc     0x00001706       0xe0 src/button_landing.o
 .debug_loc     0x000017e6      0x10a src/timer.o
 .debug_loc     0x000018f0      0x296 src/UARTsetup.o
 .debug_loc     0x00001b86       0x8a src/ASF/sam0/boards/samd21_xplained_pro/board_init.o
 .debug_loc     0x00001c10      0x13d src/ASF/sam0/drivers/port/port.o
 .debug_loc     0x00001d4d      0x9ae src/ASF/sam0/drivers/sercom/sercom.o
 .debug_loc     0x000026fb      0xc45 src/ASF/sam0/drivers/sercom/usart/usart.o
 .debug_loc     0x00003340      0xef9 src/ASF/sam0/drivers/system/clock/clock_samd21_r21_da/clock.o
 .debug_loc     0x00004239      0x4e3 src/ASF/sam0/drivers/system/clock/clock_samd21_r21_da/gclk.o
 .debug_loc     0x0000471c      0x37a src/ASF/sam0/drivers/system/pinmux/pinmux.o
 .debug_loc     0x00004a96       0x20 src/ASF/sam0/drivers/system/system.o
 .debug_loc     0x00004ab6       0x20 src/ASF/sam0/utils/cmsis/samd21/source/gcc/startup_samd21.o
 .debug_loc     0x00004ad6       0x40 src/qs_usart_basic_use.o

.debug_aranges  0x00000000      0x508
 .debug_aranges
                0x00000000       0x60 src/ASF/sam0/drivers/sercom/sercom_interrupt.o
 .debug_aranges
                0x00000060       0x70 src/ASF/sam0/drivers/sercom/usart/usart_interrupt.o
 .debug_aranges
                0x000000d0       0x48 src/ASF/sam0/drivers/tc/tc_interrupt.o
 .debug_aranges
                0x00000118       0x58 src/ASF/sam0/drivers/tc/tc_sam_d_r/tc.o
 .debug_aranges
                0x00000170       0x30 src/bumpers.o
 .debug_aranges
                0x000001a0       0x38 src/button_landing.o
 .debug_aranges
                0x000001d8       0x38 src/timer.o
 .debug_aranges
                0x00000210       0x58 src/UARTsetup.o
 .debug_aranges
                0x00000268       0x28 src/ASF/common/utils/interrupt/interrupt_sam_nvic.o
 .debug_aranges
                0x00000290       0x20 src/ASF/sam0/boards/samd21_xplained_pro/board_init.o
 .debug_aranges
                0x000002b0       0x28 src/ASF/sam0/drivers/port/port.o
 .debug_aranges
                0x000002d8       0x40 src/ASF/sam0/drivers/sercom/sercom.o
 .debug_aranges
                0x00000318       0x40 src/ASF/sam0/drivers/sercom/usart/usart.o
 .debug_aranges
                0x00000358       0x78 src/ASF/sam0/drivers/system/clock/clock_samd21_r21_da/clock.o
 .debug_aranges
                0x000003d0       0x80 src/ASF/sam0/drivers/system/clock/clock_samd21_r21_da/gclk.o
 .debug_aranges
                0x00000450       0x40 src/ASF/sam0/drivers/system/pinmux/pinmux.o
 .debug_aranges
                0x00000490       0x28 src/ASF/sam0/drivers/system/system.o
 .debug_aranges
                0x000004b8       0x28 src/ASF/sam0/utils/cmsis/samd21/source/gcc/startup_samd21.o
 .debug_aranges
                0x000004e0       0x28 src/qs_usart_basic_use.o

.debug_ranges   0x00000000      0x638
 .debug_ranges  0x00000000       0x50 src/ASF/sam0/drivers/sercom/sercom_interrupt.o
 .debug_ranges  0x00000050       0x60 src/ASF/sam0/drivers/sercom/usart/usart_interrupt.o
 .debug_ranges  0x000000b0       0x38 src/ASF/sam0/drivers/tc/tc_interrupt.o
 .debug_ranges  0x000000e8      0x1c8 src/ASF/sam0/drivers/tc/tc_sam_d_r/tc.o
 .debug_ranges  0x000002b0       0x20 src/bumpers.o
 .debug_ranges  0x000002d0       0x40 src/button_landing.o
 .debug_ranges  0x00000310       0x28 src/timer.o
 .debug_ranges  0x00000338       0x48 src/UARTsetup.o
 .debug_ranges  0x00000380       0x18 src/ASF/common/utils/interrupt/interrupt_sam_nvic.o
 .debug_ranges  0x00000398       0x10 src/ASF/sam0/boards/samd21_xplained_pro/board_init.o
 .debug_ranges  0x000003a8       0x18 src/ASF/sam0/drivers/port/port.o
 .debug_ranges  0x000003c0       0x48 src/ASF/sam0/drivers/sercom/sercom.o
 .debug_ranges  0x00000408       0xe0 src/ASF/sam0/drivers/sercom/usart/usart.o
 .debug_ranges  0x000004e8       0x68 src/ASF/sam0/drivers/system/clock/clock_samd21_r21_da/clock.o
 .debug_ranges  0x00000550       0x70 src/ASF/sam0/drivers/system/clock/clock_samd21_r21_da/gclk.o
 .debug_ranges  0x000005c0       0x30 src/ASF/sam0/drivers/system/pinmux/pinmux.o
 .debug_ranges  0x000005f0       0x18 src/ASF/sam0/drivers/system/system.o
 .debug_ranges  0x00000608       0x18 src/ASF/sam0/utils/cmsis/samd21/source/gcc/startup_samd21.o
 .debug_ranges  0x00000620       0x18 src/qs_usart_basic_use.o

.debug_macro    0x00000000    0x1aaf3
 .debug_macro   0x00000000      0x55e src/ASF/sam0/drivers/sercom/sercom_interrupt.o
 .debug_macro   0x0000055e      0x84a src/ASF/sam0/drivers/sercom/sercom_interrupt.o
 .debug_macro   0x00000da8      0x16d src/ASF/sam0/drivers/sercom/sercom_interrupt.o
 .debug_macro   0x00000f15      0x652 src/ASF/sam0/drivers/sercom/sercom_interrupt.o
 .debug_macro   0x00001567       0x22 src/ASF/sam0/drivers/sercom/sercom_interrupt.o
 .debug_macro   0x00001589       0x87 src/ASF/sam0/drivers/sercom/sercom_interrupt.o
 .debug_macro   0x00001610       0x44 src/ASF/sam0/drivers/sercom/sercom_interrupt.o
 .debug_macro   0x00001654       0xfd src/ASF/sam0/drivers/sercom/sercom_interrupt.o
 .debug_macro   0x00001751       0x22 src/ASF/sam0/drivers/sercom/sercom_interrupt.o
 .debug_macro   0x00001773      0x1df src/ASF/sam0/drivers/sercom/sercom_interrupt.o
 .debug_macro   0x00001952       0x10 src/ASF/sam0/drivers/sercom/sercom_interrupt.o
 .debug_macro   0x00001962       0x76 src/ASF/sam0/drivers/sercom/sercom_interrupt.o
 .debug_macro   0x000019d8       0x16 src/ASF/sam0/drivers/sercom/sercom_interrupt.o
 .debug_macro   0x000019ee      0x6e5 src/ASF/sam0/drivers/sercom/sercom_interrupt.o
 .debug_macro   0x000020d3      0xde2 src/ASF/sam0/drivers/sercom/sercom_interrupt.o
 .debug_macro   0x00002eb5       0x22 src/ASF/sam0/drivers/sercom/sercom_interrupt.o
 .debug_macro   0x00002ed7       0x40 src/ASF/sam0/drivers/sercom/sercom_interrupt.o
 .debug_macro   0x00002f17       0x3a src/ASF/sam0/drivers/sercom/sercom_interrupt.o
 .debug_macro   0x00002f51       0x1f src/ASF/sam0/drivers/sercom/sercom_interrupt.o
 .debug_macro   0x00002f70      0x250 src/ASF/sam0/drivers/sercom/sercom_interrupt.o
 .debug_macro   0x000031c0      0x682 src/ASF/sam0/drivers/sercom/sercom_interrupt.o
 .debug_macro   0x00003842      0x8bf src/ASF/sam0/drivers/sercom/sercom_interrupt.o
 .debug_macro   0x00004101      0x235 src/ASF/sam0/drivers/sercom/sercom_interrupt.o
 .debug_macro   0x00004336      0xd6a src/ASF/sam0/drivers/sercom/sercom_interrupt.o
 .debug_macro   0x000050a0      0x4ce src/ASF/sam0/drivers/sercom/sercom_interrupt.o
 .debug_macro   0x0000556e      0x9f8 src/ASF/sam0/drivers/sercom/sercom_interrupt.o
 .debug_macro   0x00005f66      0x82b src/ASF/sam0/drivers/sercom/sercom_interrupt.o
 .debug_macro   0x00006791      0x45f src/ASF/sam0/drivers/sercom/sercom_interrupt.o
 .debug_macro   0x00006bf0       0x5e src/ASF/sam0/drivers/sercom/sercom_interrupt.o
 .debug_macro   0x00006c4e      0x906 src/ASF/sam0/drivers/sercom/sercom_interrupt.o
 .debug_macro   0x00007554      0x225 src/ASF/sam0/drivers/sercom/sercom_interrupt.o
 .debug_macro   0x00007779      0x963 src/ASF/sam0/drivers/sercom/sercom_interrupt.o
 .debug_macro   0x000080dc       0x5e src/ASF/sam0/drivers/sercom/sercom_interrupt.o
 .debug_macro   0x0000813a      0x671 src/ASF/sam0/drivers/sercom/sercom_interrupt.o
 .debug_macro   0x000087ab      0x3af src/ASF/sam0/drivers/sercom/sercom_interrupt.o
 .debug_macro   0x00008b5a      0xc7f src/ASF/sam0/drivers/sercom/sercom_interrupt.o
 .debug_macro   0x000097d9     0x1092 src/ASF/sam0/drivers/sercom/sercom_interrupt.o
 .debug_macro   0x0000a86b      0xc4a src/ASF/sam0/drivers/sercom/sercom_interrupt.o
 .debug_macro   0x0000b4b5      0x6bf src/ASF/sam0/drivers/sercom/sercom_interrupt.o
 .debug_macro   0x0000bb74     0x1bc9 src/ASF/sam0/drivers/sercom/sercom_interrupt.o
 .debug_macro   0x0000d73d     0x144a src/ASF/sam0/drivers/sercom/sercom_interrupt.o
 .debug_macro   0x0000eb87      0x34e src/ASF/sam0/drivers/sercom/sercom_interrupt.o
 .debug_macro   0x0000eed5       0x7c src/ASF/sam0/drivers/sercom/sercom_interrupt.o
 .debug_macro   0x0000ef51       0xa0 src/ASF/sam0/drivers/sercom/sercom_interrupt.o
 .debug_macro   0x0000eff1       0x4c src/ASF/sam0/drivers/sercom/sercom_interrupt.o
 .debug_macro   0x0000f03d       0xca src/ASF/sam0/drivers/sercom/sercom_interrupt.o
 .debug_macro   0x0000f107       0x94 src/ASF/sam0/drivers/sercom/sercom_interrupt.o
 .debug_macro   0x0000f19b       0x58 src/ASF/sam0/drivers/sercom/sercom_interrupt.o
 .debug_macro   0x0000f1f3      0x387 src/ASF/sam0/drivers/sercom/sercom_interrupt.o
 .debug_macro   0x0000f57a       0x82 src/ASF/sam0/drivers/sercom/sercom_interrupt.o
 .debug_macro   0x0000f5fc      0x197 src/ASF/sam0/drivers/sercom/sercom_interrupt.o
 .debug_macro   0x0000f793       0xb8 src/ASF/sam0/drivers/sercom/sercom_interrupt.o
 .debug_macro   0x0000f84b       0xa0 src/ASF/sam0/drivers/sercom/sercom_interrupt.o
 .debug_macro   0x0000f8eb       0xb8 src/ASF/sam0/drivers/sercom/sercom_interrupt.o
 .debug_macro   0x0000f9a3       0x1c src/ASF/sam0/drivers/sercom/sercom_interrupt.o
 .debug_macro   0x0000f9bf       0x1c src/ASF/sam0/drivers/sercom/sercom_interrupt.o
 .debug_macro   0x0000f9db       0x1c src/ASF/sam0/drivers/sercom/sercom_interrupt.o
 .debug_macro   0x0000f9f7       0x82 src/ASF/sam0/drivers/sercom/sercom_interrupt.o
 .debug_macro   0x0000fa79      0x161 src/ASF/sam0/drivers/sercom/sercom_interrupt.o
 .debug_macro   0x0000fbda       0xdc src/ASF/sam0/drivers/sercom/sercom_interrupt.o
 .debug_macro   0x0000fcb6      0x12f src/ASF/sam0/drivers/sercom/sercom_interrupt.o
 .debug_macro   0x0000fde5      0x12f src/ASF/sam0/drivers/sercom/sercom_interrupt.o
 .debug_macro   0x0000ff14      0x12f src/ASF/sam0/drivers/sercom/sercom_interrupt.o
 .debug_macro   0x00010043      0x12f src/ASF/sam0/drivers/sercom/sercom_interrupt.o
 .debug_macro   0x00010172      0x12f src/ASF/sam0/drivers/sercom/sercom_interrupt.o
 .debug_macro   0x000102a1      0x12f src/ASF/sam0/drivers/sercom/sercom_interrupt.o
 .debug_macro   0x000103d0      0x124 src/ASF/sam0/drivers/sercom/sercom_interrupt.o
 .debug_macro   0x000104f4       0xe2 src/ASF/sam0/drivers/sercom/sercom_interrupt.o
 .debug_macro   0x000105d6       0xe2 src/ASF/sam0/drivers/sercom/sercom_interrupt.o
 .debug_macro   0x000106b8       0xe2 src/ASF/sam0/drivers/sercom/sercom_interrupt.o
 .debug_macro   0x0001079a      0x133 src/ASF/sam0/drivers/sercom/sercom_interrupt.o
 .debug_macro   0x000108cd      0x106 src/ASF/sam0/drivers/sercom/sercom_interrupt.o
 .debug_macro   0x000109d3       0xfa src/ASF/sam0/drivers/sercom/sercom_interrupt.o
 .debug_macro   0x00010acd      0x40f src/ASF/sam0/drivers/sercom/sercom_interrupt.o
 .debug_macro   0x00010edc       0x40 src/ASF/sam0/drivers/sercom/sercom_interrupt.o
 .debug_macro   0x00010f1c      0x361 src/ASF/sam0/drivers/sercom/sercom_interrupt.o
 .debug_macro   0x0001127d     0x16ed src/ASF/sam0/drivers/sercom/sercom_interrupt.o
 .debug_macro   0x0001296a       0x6d src/ASF/sam0/drivers/sercom/sercom_interrupt.o
 .debug_macro   0x000129d7       0x52 src/ASF/sam0/drivers/sercom/sercom_interrupt.o
 .debug_macro   0x00012a29       0x35 src/ASF/sam0/drivers/sercom/sercom_interrupt.o
 .debug_macro   0x00012a5e       0x9c src/ASF/sam0/drivers/sercom/sercom_interrupt.o
 .debug_macro   0x00012afa       0x16 src/ASF/sam0/drivers/sercom/sercom_interrupt.o
 .debug_macro   0x00012b10       0x35 src/ASF/sam0/drivers/sercom/sercom_interrupt.o
 .debug_macro   0x00012b45      0x330 src/ASF/sam0/drivers/sercom/sercom_interrupt.o
 .debug_macro   0x00012e75       0x10 src/ASF/sam0/drivers/sercom/sercom_interrupt.o
 .debug_macro   0x00012e85       0x52 src/ASF/sam0/drivers/sercom/sercom_interrupt.o
 .debug_macro   0x00012ed7       0x16 src/ASF/sam0/drivers/sercom/sercom_interrupt.o
 .debug_macro   0x00012eed       0x43 src/ASF/sam0/drivers/sercom/sercom_interrupt.o
 .debug_macro   0x00012f30      0x187 src/ASF/sam0/drivers/sercom/sercom_interrupt.o
 .debug_macro   0x000130b7       0x22 src/ASF/sam0/drivers/sercom/sercom_interrupt.o
 .debug_macro   0x000130d9       0x3a src/ASF/sam0/drivers/sercom/sercom_interrupt.o
 .debug_macro   0x00013113       0x10 src/ASF/sam0/drivers/sercom/sercom_interrupt.o
 .debug_macro   0x00013123       0x40 src/ASF/sam0/drivers/sercom/sercom_interrupt.o
 .debug_macro   0x00013163       0x6c src/ASF/sam0/drivers/sercom/sercom_interrupt.o
 .debug_macro   0x000131cf       0x16 src/ASF/sam0/drivers/sercom/sercom_interrupt.o
 .debug_macro   0x000131e5      0x182 src/ASF/sam0/drivers/sercom/sercom_interrupt.o
 .debug_macro   0x00013367       0x16 src/ASF/sam0/drivers/sercom/sercom_interrupt.o
 .debug_macro   0x0001337d       0x16 src/ASF/sam0/drivers/sercom/sercom_interrupt.o
 .debug_macro   0x00013393       0x29 src/ASF/sam0/drivers/sercom/sercom_interrupt.o
 .debug_macro   0x000133bc       0x51 src/ASF/sam0/drivers/sercom/sercom_interrupt.o
 .debug_macro   0x0001340d       0x3f src/ASF/sam0/drivers/sercom/sercom_interrupt.o
 .debug_macro   0x0001344c      0x3df src/ASF/sam0/drivers/sercom/sercom_interrupt.o
 .debug_macro   0x0001382b       0x11 src/ASF/sam0/drivers/sercom/sercom_interrupt.o
 .debug_macro   0x0001383c       0x18 src/ASF/sam0/drivers/sercom/sercom_interrupt.o
 .debug_macro   0x00013854       0x2e src/ASF/sam0/drivers/sercom/sercom_interrupt.o
 .debug_macro   0x00013882       0xb2 src/ASF/sam0/drivers/sercom/sercom_interrupt.o
 .debug_macro   0x00013934       0x10 src/ASF/sam0/drivers/sercom/sercom_interrupt.o
 .debug_macro   0x00013944      0x572 src/ASF/sam0/drivers/sercom/usart/usart_interrupt.o
 .debug_macro   0x00013eb6       0x51 src/ASF/sam0/drivers/sercom/usart/usart_interrupt.o
 .debug_macro   0x00013f07      0x541 src/ASF/sam0/drivers/tc/tc_interrupt.o
 .debug_macro   0x00014448       0x19 src/ASF/sam0/drivers/tc/tc_interrupt.o
 .debug_macro   0x00014461       0x51 src/ASF/sam0/drivers/tc/tc_interrupt.o
 .debug_macro   0x000144b2      0x55c src/ASF/sam0/drivers/tc/tc_sam_d_r/tc.o
 .debug_macro   0x00014a0e      0x640 src/bumpers.o
 .debug_macro   0x0001504e      0x2bf src/bumpers.o
 .debug_macro   0x0001530d      0x9f7 src/bumpers.o
 .debug_macro   0x00015d04       0x12 src/bumpers.o
 .debug_macro   0x00015d16       0x16 src/bumpers.o
 .debug_macro   0x00015d2c       0x16 src/bumpers.o
 .debug_macro   0x00015d42       0x35 src/bumpers.o
 .debug_macro   0x00015d77       0x49 src/bumpers.o
 .debug_macro   0x00015dc0       0x6c src/bumpers.o
 .debug_macro   0x00015e2c       0x40 src/bumpers.o
 .debug_macro   0x00015e6c      0x638 src/button_landing.o
 .debug_macro   0x000164a4      0x61c src/timer.o
 .debug_macro   0x00016ac0       0x3a src/timer.o
 .debug_macro   0x00016afa      0x60b src/UARTsetup.o
 .debug_macro   0x00017105      0x4d3 src/ASF/common/utils/interrupt/interrupt_sam_nvic.o
 .debug_macro   0x000175d8      0x50f src/ASF/sam0/boards/samd21_xplained_pro/board_init.o
 .debug_macro   0x00017ae7      0x4ed src/ASF/sam0/drivers/port/port.o
 .debug_macro   0x00017fd4      0x561 src/ASF/sam0/drivers/sercom/sercom.o
 .debug_macro   0x00018535      0x572 src/ASF/sam0/drivers/sercom/usart/usart.o
 .debug_macro   0x00018aa7      0x545 src/ASF/sam0/drivers/system/clock/clock_samd21_r21_da/clock.o
 .debug_macro   0x00018fec      0x29d src/ASF/sam0/drivers/system/clock/clock_samd21_r21_da/clock.o
 .debug_macro   0x00019289      0x509 src/ASF/sam0/drivers/system/clock/clock_samd21_r21_da/gclk.o
 .debug_macro   0x00019792      0x4e3 src/ASF/sam0/drivers/system/pinmux/pinmux.o
 .debug_macro   0x00019c75       0x12 src/ASF/sam0/drivers/system/pinmux/pinmux.o
 .debug_macro   0x00019c87      0x517 src/ASF/sam0/drivers/system/system.o
 .debug_macro   0x0001a19e      0x2e5 src/ASF/sam0/utils/cmsis/samd21/source/gcc/startup_samd21.o
 .debug_macro   0x0001a483       0x3a src/ASF/sam0/utils/cmsis/samd21/source/gcc/startup_samd21.o
 .debug_macro   0x0001a4bd      0x636 src/qs_usart_basic_use.o

.debug_line     0x00000000     0xd36d
 .debug_line    0x00000000      0xb3b src/ASF/sam0/drivers/sercom/sercom_interrupt.o
 .debug_line    0x00000b3b      0xc59 src/ASF/sam0/drivers/sercom/usart/usart_interrupt.o
 .debug_line    0x00001794      0xa42 src/ASF/sam0/drivers/tc/tc_interrupt.o
 .debug_line    0x000021d6      0xdf3 src/ASF/sam0/drivers/tc/tc_sam_d_r/tc.o
 .debug_line    0x00002fc9      0xc6a src/bumpers.o
 .debug_line    0x00003c33      0xc98 src/button_landing.o
 .debug_line    0x000048cb      0xcb7 src/timer.o
 .debug_line    0x00005582      0xd0f src/UARTsetup.o
 .debug_line    0x00006291      0x89a src/ASF/common/utils/interrupt/interrupt_sam_nvic.o
 .debug_line    0x00006b2b      0x941 src/ASF/sam0/boards/samd21_xplained_pro/board_init.o
 .debug_line    0x0000746c      0x8c6 src/ASF/sam0/drivers/port/port.o
 .debug_line    0x00007d32      0xb96 src/ASF/sam0/drivers/sercom/sercom.o
 .debug_line    0x000088c8      0xcc6 src/ASF/sam0/drivers/sercom/usart/usart.o
 .debug_line    0x0000958e      0xc06 src/ASF/sam0/drivers/system/clock/clock_samd21_r21_da/clock.o
 .debug_line    0x0000a194      0xc35 src/ASF/sam0/drivers/system/clock/clock_samd21_r21_da/gclk.o
 .debug_line    0x0000adc9      0x905 src/ASF/sam0/drivers/system/pinmux/pinmux.o
 .debug_line    0x0000b6ce      0x9b5 src/ASF/sam0/drivers/system/system.o
 .debug_line    0x0000c083      0x648 src/ASF/sam0/utils/cmsis/samd21/source/gcc/startup_samd21.o
 .debug_line    0x0000c6cb      0xca2 src/qs_usart_basic_use.o

.debug_str      0x00000000    0x89bcd
 .debug_str     0x00000000    0x7f4b8 src/ASF/sam0/drivers/sercom/sercom_interrupt.o
                              0x7fdff (size before relaxing)
 .debug_str     0x0007f4b8      0x875 src/ASF/sam0/drivers/sercom/usart/usart_interrupt.o
                              0x7ff9d (size before relaxing)
 .debug_str     0x0007fd2d      0x6da src/ASF/sam0/drivers/tc/tc_interrupt.o
                              0x7f676 (size before relaxing)
 .debug_str     0x00080407      0xa26 src/ASF/sam0/drivers/tc/tc_sam_d_r/tc.o
                              0x7ff0d (size before relaxing)
 .debug_str     0x00080e2d     0x3f1c src/bumpers.o
                              0x8416f (size before relaxing)
 .debug_str     0x00084d49      0x1a9 src/button_landing.o
                              0x8320d (size before relaxing)
 .debug_str     0x00084ef2      0x26c src/timer.o
                              0x84b93 (size before relaxing)
 .debug_str     0x0008515e      0x623 src/UARTsetup.o
                              0x84bca (size before relaxing)
 .debug_str     0x00085781       0x9b src/ASF/common/utils/interrupt/interrupt_sam_nvic.o
                              0x7e90b (size before relaxing)
 .debug_str     0x0008581c      0x12c src/ASF/sam0/boards/samd21_xplained_pro/board_init.o
                              0x825d0 (size before relaxing)
 .debug_str     0x00085948       0x53 src/ASF/sam0/drivers/port/port.o
                              0x7ecfb (size before relaxing)
 .debug_str     0x0008599b      0x3ae src/ASF/sam0/drivers/sercom/sercom.o
                              0x7ff8c (size before relaxing)
 .debug_str     0x00085d49      0x36b src/ASF/sam0/drivers/sercom/usart/usart.o
                              0x80c83 (size before relaxing)
 .debug_str     0x000860b4     0x273f src/ASF/sam0/drivers/system/clock/clock_samd21_r21_da/clock.o
                              0x819e3 (size before relaxing)
 .debug_str     0x000887f3      0x27d src/ASF/sam0/drivers/system/clock/clock_samd21_r21_da/gclk.o
                              0x7f581 (size before relaxing)
 .debug_str     0x00088a70      0x1b5 src/ASF/sam0/drivers/system/pinmux/pinmux.o
                              0x7edad (size before relaxing)
 .debug_str     0x00088c25       0x47 src/ASF/sam0/drivers/system/system.o
                              0x7e9b6 (size before relaxing)
 .debug_str     0x00088c6c      0xeed src/ASF/sam0/utils/cmsis/samd21/source/gcc/startup_samd21.o
                              0x6b095 (size before relaxing)
 .debug_str     0x00089b59       0x74 src/qs_usart_basic_use.o
                              0x843ca (size before relaxing)

.debug_frame    0x00000000      0xbcc
 .debug_frame   0x00000000       0xec src/ASF/sam0/drivers/sercom/sercom_interrupt.o
 .debug_frame   0x000000ec      0x110 src/ASF/sam0/drivers/sercom/usart/usart_interrupt.o
 .debug_frame   0x000001fc       0x94 src/ASF/sam0/drivers/tc/tc_interrupt.o
 .debug_frame   0x00000290       0xd8 src/ASF/sam0/drivers/tc/tc_sam_d_r/tc.o
 .debug_frame   0x00000368       0x40 src/bumpers.o
 .debug_frame   0x000003a8       0x5c src/button_landing.o
 .debug_frame   0x00000404       0x6c src/timer.o
 .debug_frame   0x00000470       0xd0 src/UARTsetup.o
 .debug_frame   0x00000540       0x30 src/ASF/common/utils/interrupt/interrupt_sam_nvic.o
 .debug_frame   0x00000570       0x30 src/ASF/sam0/boards/samd21_xplained_pro/board_init.o
 .debug_frame   0x000005a0       0x44 src/ASF/sam0/drivers/port/port.o
 .debug_frame   0x000005e4       0x9c src/ASF/sam0/drivers/sercom/sercom.o
 .debug_frame   0x00000680       0xac src/ASF/sam0/drivers/sercom/usart/usart.o
 .debug_frame   0x0000072c      0x164 src/ASF/sam0/drivers/system/clock/clock_samd21_r21_da/clock.o
 .debug_frame   0x00000890      0x148 src/ASF/sam0/drivers/system/clock/clock_samd21_r21_da/gclk.o
 .debug_frame   0x000009d8       0x98 src/ASF/sam0/drivers/system/pinmux/pinmux.o
 .debug_frame   0x00000a70       0x38 src/ASF/sam0/drivers/system/system.o
 .debug_frame   0x00000aa8       0x3c src/ASF/sam0/utils/cmsis/samd21/source/gcc/startup_samd21.o
 .debug_frame   0x00000ae4       0x40 src/qs_usart_basic_use.o
 .debug_frame   0x00000b24       0x20 c:/program files (x86)/atmel/studio/7.0/toolchain/arm/arm-gnu-toolchain/bin/../lib/gcc/arm-none-eabi/5.3.1/armv6-m\libgcc.a(_udivsi3.o)
 .debug_frame   0x00000b44       0x34 c:/program files (x86)/atmel/studio/7.0/toolchain/arm/arm-gnu-toolchain/bin/../lib/gcc/arm-none-eabi/5.3.1/armv6-m\libgcc.a(_muldi3.o)
 .debug_frame   0x00000b78       0x2c c:/program files (x86)/atmel/studio/7.0/toolchain/arm/arm-gnu-toolchain/bin/../lib/gcc/arm-none-eabi/5.3.1/../../../../arm-none-eabi/lib/armv6-m\libc_nano.a(lib_a-init.o)
 .debug_frame   0x00000ba4       0x28 c:/program files (x86)/atmel/studio/7.0/toolchain/arm/arm-gnu-toolchain/bin/../lib/gcc/arm-none-eabi/5.3.1/../../../../arm-none-eabi/lib/armv6-m\libc_nano.a(lib_a-memcpy-stub.o)

Cross Reference Table

Symbol                                            File
AC_Handler                                        src/ASF/sam0/utils/cmsis/samd21/source/gcc/startup_samd21.o
ADC_Handler                                       src/ASF/sam0/utils/cmsis/samd21/source/gcc/startup_samd21.o
DAC_Handler                                       src/ASF/sam0/utils/cmsis/samd21/source/gcc/startup_samd21.o
DMAC_Handler                                      src/ASF/sam0/utils/cmsis/samd21/source/gcc/startup_samd21.o
Dummy_Handler                                     src/ASF/sam0/utils/cmsis/samd21/source/gcc/startup_samd21.o
EIC_Handler                                       src/ASF/sam0/utils/cmsis/samd21/source/gcc/startup_samd21.o
EVSYS_Handler                                     src/ASF/sam0/utils/cmsis/samd21/source/gcc/startup_samd21.o
HardFault_Handler                                 src/ASF/sam0/utils/cmsis/samd21/source/gcc/startup_samd21.o
I2S_Handler                                       src/ASF/sam0/utils/cmsis/samd21/source/gcc/startup_samd21.o
NMI_Handler                                       src/ASF/sam0/utils/cmsis/samd21/source/gcc/startup_samd21.o
NVMCTRL_Handler                                   src/ASF/sam0/utils/cmsis/samd21/source/gcc/startup_samd21.o
PM_Handler                                        src/ASF/sam0/utils/cmsis/samd21/source/gcc/startup_samd21.o
PTC_Handler                                       src/ASF/sam0/utils/cmsis/samd21/source/gcc/startup_samd21.o
PendSV_Handler                                    src/ASF/sam0/utils/cmsis/samd21/source/gcc/startup_samd21.o
RTC_Handler                                       src/ASF/sam0/utils/cmsis/samd21/source/gcc/startup_samd21.o
Reset_Handler                                     src/ASF/sam0/utils/cmsis/samd21/source/gcc/startup_samd21.o
SERCOM0_Handler                                   src/ASF/sam0/drivers/sercom/sercom_interrupt.o
SERCOM1_Handler                                   src/ASF/sam0/drivers/sercom/sercom_interrupt.o
SERCOM2_Handler                                   src/ASF/sam0/drivers/sercom/sercom_interrupt.o
SERCOM3_Handler                                   src/ASF/sam0/drivers/sercom/sercom_interrupt.o
SERCOM4_Handler                                   src/ASF/sam0/drivers/sercom/sercom_interrupt.o
SERCOM5_Handler                                   src/ASF/sam0/drivers/sercom/sercom_interrupt.o
SVC_Handler                                       src/ASF/sam0/utils/cmsis/samd21/source/gcc/startup_samd21.o
SYSCTRL_Handler                                   src/ASF/sam0/utils/cmsis/samd21/source/gcc/startup_samd21.o
SysTick_Handler                                   src/ASF/sam0/utils/cmsis/samd21/source/gcc/startup_samd21.o
SystemCoreClock                                   src/ASF/sam0/utils/cmsis/samd21/source/system_samd21.o
SystemCoreClockUpdate                             src/ASF/sam0/utils/cmsis/samd21/source/system_samd21.o
SystemInit                                        src/ASF/sam0/utils/cmsis/samd21/source/system_samd21.o
TC3_Handler                                       src/ASF/sam0/drivers/tc/tc_interrupt.o
TC4_Handler                                       src/ASF/sam0/drivers/tc/tc_interrupt.o
TC5_Handler                                       src/ASF/sam0/drivers/tc/tc_interrupt.o
TCC0_Handler                                      src/ASF/sam0/utils/cmsis/samd21/source/gcc/startup_samd21.o
TCC1_Handler                                      src/ASF/sam0/utils/cmsis/samd21/source/gcc/startup_samd21.o
TCC2_Handler                                      src/ASF/sam0/utils/cmsis/samd21/source/gcc/startup_samd21.o
USB_Handler                                       src/ASF/sam0/utils/cmsis/samd21/source/gcc/startup_samd21.o
WDT_Handler                                       src/ASF/sam0/utils/cmsis/samd21/source/gcc/startup_samd21.o
_Jv_RegisterClasses                               c:/program files (x86)/atmel/studio/7.0/toolchain/arm/arm-gnu-toolchain/bin/../lib/gcc/arm-none-eabi/5.3.1/armv6-m/crtbegin.o
__aeabi_idiv0                                     c:/program files (x86)/atmel/studio/7.0/toolchain/arm/arm-gnu-toolchain/bin/../lib/gcc/arm-none-eabi/5.3.1/armv6-m\libgcc.a(_dvmd_tls.o)
                                                  c:/program files (x86)/atmel/studio/7.0/toolchain/arm/arm-gnu-toolchain/bin/../lib/gcc/arm-none-eabi/5.3.1/armv6-m\libgcc.a(_udivsi3.o)
__aeabi_ldiv0                                     c:/program files (x86)/atmel/studio/7.0/toolchain/arm/arm-gnu-toolchain/bin/../lib/gcc/arm-none-eabi/5.3.1/armv6-m\libgcc.a(_dvmd_tls.o)
__aeabi_lmul                                      c:/program files (x86)/atmel/studio/7.0/toolchain/arm/arm-gnu-toolchain/bin/../lib/gcc/arm-none-eabi/5.3.1/armv6-m\libgcc.a(_muldi3.o)
                                                  src/ASF/sam0/drivers/sercom/sercom.o
__aeabi_uidiv                                     c:/program files (x86)/atmel/studio/7.0/toolchain/arm/arm-gnu-toolchain/bin/../lib/gcc/arm-none-eabi/5.3.1/armv6-m\libgcc.a(_udivsi3.o)
                                                  c:/program files (x86)/atmel/studio/7.0/toolchain/arm/arm-gnu-toolchain/bin/../lib/gcc/arm-none-eabi/5.3.1/../../../../arm-none-eabi/lib/armv6-m\libc_nano.a(lib_a-nano-vfprintf_i.o)
                                                  src/ASF/sam0/drivers/system/clock/clock_samd21_r21_da/gclk.o
                                                  src/ASF/sam0/drivers/system/clock/clock_samd21_r21_da/clock.o
__aeabi_uidivmod                                  c:/program files (x86)/atmel/studio/7.0/toolchain/arm/arm-gnu-toolchain/bin/../lib/gcc/arm-none-eabi/5.3.1/armv6-m\libgcc.a(_udivsi3.o)
                                                  c:/program files (x86)/atmel/studio/7.0/toolchain/arm/arm-gnu-toolchain/bin/../lib/gcc/arm-none-eabi/5.3.1/../../../../arm-none-eabi/lib/armv6-m\libc_nano.a(lib_a-nano-vfprintf_i.o)
__bss_end__                                       c:/program files (x86)/atmel/studio/7.0/toolchain/arm/arm-gnu-toolchain/bin/../lib/gcc/arm-none-eabi/5.3.1/../../../../arm-none-eabi/lib/armv6-m/crt0.o
__bss_start__                                     c:/program files (x86)/atmel/studio/7.0/toolchain/arm/arm-gnu-toolchain/bin/../lib/gcc/arm-none-eabi/5.3.1/../../../../arm-none-eabi/lib/armv6-m/crt0.o
__call_exitprocs                                  c:/program files (x86)/atmel/studio/7.0/toolchain/arm/arm-gnu-toolchain/bin/../lib/gcc/arm-none-eabi/5.3.1/../../../../arm-none-eabi/lib/armv6-m\libc_nano.a(lib_a-exit.o)
__deregister_frame_info                           c:/program files (x86)/atmel/studio/7.0/toolchain/arm/arm-gnu-toolchain/bin/../lib/gcc/arm-none-eabi/5.3.1/armv6-m/crtbegin.o
__dso_handle                                      c:/program files (x86)/atmel/studio/7.0/toolchain/arm/arm-gnu-toolchain/bin/../lib/gcc/arm-none-eabi/5.3.1/armv6-m/crtbegin.o
__init_array_end                                  c:/program files (x86)/atmel/studio/7.0/toolchain/arm/arm-gnu-toolchain/bin/../lib/gcc/arm-none-eabi/5.3.1/../../../../arm-none-eabi/lib/armv6-m\libc_nano.a(lib_a-init.o)
__init_array_start                                c:/program files (x86)/atmel/studio/7.0/toolchain/arm/arm-gnu-toolchain/bin/../lib/gcc/arm-none-eabi/5.3.1/../../../../arm-none-eabi/lib/armv6-m\libc_nano.a(lib_a-init.o)
__libc_fini_array                                 c:/program files (x86)/atmel/studio/7.0/toolchain/arm/arm-gnu-toolchain/bin/../lib/gcc/arm-none-eabi/5.3.1/../../../../arm-none-eabi/lib/armv6-m/crt0.o
__libc_init_array                                 c:/program files (x86)/atmel/studio/7.0/toolchain/arm/arm-gnu-toolchain/bin/../lib/gcc/arm-none-eabi/5.3.1/../../../../arm-none-eabi/lib/armv6-m\libc_nano.a(lib_a-init.o)
                                                  src/ASF/sam0/utils/cmsis/samd21/source/gcc/startup_samd21.o
                                                  c:/program files (x86)/atmel/studio/7.0/toolchain/arm/arm-gnu-toolchain/bin/../lib/gcc/arm-none-eabi/5.3.1/../../../../arm-none-eabi/lib/armv6-m/crt0.o
__malloc_free_list                                c:/program files (x86)/atmel/studio/7.0/toolchain/arm/arm-gnu-toolchain/bin/../lib/gcc/arm-none-eabi/5.3.1/../../../../arm-none-eabi/lib/armv6-m\libc_nano.a(lib_a-nano-mallocr.o)
                                                  c:/program files (x86)/atmel/studio/7.0/toolchain/arm/arm-gnu-toolchain/bin/../lib/gcc/arm-none-eabi/5.3.1/../../../../arm-none-eabi/lib/armv6-m\libc_nano.a(lib_a-nano-freer.o)
__malloc_sbrk_start                               c:/program files (x86)/atmel/studio/7.0/toolchain/arm/arm-gnu-toolchain/bin/../lib/gcc/arm-none-eabi/5.3.1/../../../../arm-none-eabi/lib/armv6-m\libc_nano.a(lib_a-nano-mallocr.o)
__muldi3                                          c:/program files (x86)/atmel/studio/7.0/toolchain/arm/arm-gnu-toolchain/bin/../lib/gcc/arm-none-eabi/5.3.1/armv6-m\libgcc.a(_muldi3.o)
__preinit_array_end                               c:/program files (x86)/atmel/studio/7.0/toolchain/arm/arm-gnu-toolchain/bin/../lib/gcc/arm-none-eabi/5.3.1/../../../../arm-none-eabi/lib/armv6-m\libc_nano.a(lib_a-init.o)
__preinit_array_start                             c:/program files (x86)/atmel/studio/7.0/toolchain/arm/arm-gnu-toolchain/bin/../lib/gcc/arm-none-eabi/5.3.1/../../../../arm-none-eabi/lib/armv6-m\libc_nano.a(lib_a-init.o)
__register_frame_info                             c:/program files (x86)/atmel/studio/7.0/toolchain/arm/arm-gnu-toolchain/bin/../lib/gcc/arm-none-eabi/5.3.1/armv6-m/crtbegin.o
__sf_fake_stderr                                  c:/program files (x86)/atmel/studio/7.0/toolchain/arm/arm-gnu-toolchain/bin/../lib/gcc/arm-none-eabi/5.3.1/../../../../arm-none-eabi/lib/armv6-m\libc_nano.a(lib_a-impure.o)
__sf_fake_stdin                                   c:/program files (x86)/atmel/studio/7.0/toolchain/arm/arm-gnu-toolchain/bin/../lib/gcc/arm-none-eabi/5.3.1/../../../../arm-none-eabi/lib/armv6-m\libc_nano.a(lib_a-impure.o)
__sf_fake_stdout                                  c:/program files (x86)/atmel/studio/7.0/toolchain/arm/arm-gnu-toolchain/bin/../lib/gcc/arm-none-eabi/5.3.1/../../../../arm-none-eabi/lib/armv6-m\libc_nano.a(lib_a-impure.o)
__ssprint_r                                       c:/program files (x86)/atmel/studio/7.0/toolchain/arm/arm-gnu-toolchain/bin/../lib/gcc/arm-none-eabi/5.3.1/../../../../arm-none-eabi/lib/armv6-m\libc_nano.a(lib_a-nano-svfprintf.o)
__ssputs_r                                        c:/program files (x86)/atmel/studio/7.0/toolchain/arm/arm-gnu-toolchain/bin/../lib/gcc/arm-none-eabi/5.3.1/../../../../arm-none-eabi/lib/armv6-m\libc_nano.a(lib_a-nano-svfprintf.o)
__stack                                           c:/program files (x86)/atmel/studio/7.0/toolchain/arm/arm-gnu-toolchain/bin/../lib/gcc/arm-none-eabi/5.3.1/../../../../arm-none-eabi/lib/armv6-m/crt0.o
__udivsi3                                         c:/program files (x86)/atmel/studio/7.0/toolchain/arm/arm-gnu-toolchain/bin/../lib/gcc/arm-none-eabi/5.3.1/armv6-m\libgcc.a(_udivsi3.o)
_close                                            src/ASF/sam0/utils/syscalls/gcc/syscalls.o
_end                                              src/ASF/sam0/utils/syscalls/gcc/syscalls.o
_erelocate                                        src/ASF/sam0/utils/cmsis/samd21/source/gcc/startup_samd21.o
_estack                                           src/ASF/sam0/utils/cmsis/samd21/source/gcc/startup_samd21.o
_etext                                            src/ASF/sam0/utils/cmsis/samd21/source/gcc/startup_samd21.o
_exit                                             src/ASF/sam0/utils/syscalls/gcc/syscalls.o
                                                  c:/program files (x86)/atmel/studio/7.0/toolchain/arm/arm-gnu-toolchain/bin/../lib/gcc/arm-none-eabi/5.3.1/../../../../arm-none-eabi/lib/armv6-m\libc_nano.a(lib_a-exit.o)
_ezero                                            src/ASF/sam0/utils/cmsis/samd21/source/gcc/startup_samd21.o
_fini                                             c:/program files (x86)/atmel/studio/7.0/toolchain/arm/arm-gnu-toolchain/bin/../lib/gcc/arm-none-eabi/5.3.1/armv6-m/crti.o
_free_r                                           c:/program files (x86)/atmel/studio/7.0/toolchain/arm/arm-gnu-toolchain/bin/../lib/gcc/arm-none-eabi/5.3.1/../../../../arm-none-eabi/lib/armv6-m\libc_nano.a(lib_a-nano-freer.o)
                                                  c:/program files (x86)/atmel/studio/7.0/toolchain/arm/arm-gnu-toolchain/bin/../lib/gcc/arm-none-eabi/5.3.1/../../../../arm-none-eabi/lib/armv6-m\libc_nano.a(lib_a-reent.o)
                                                  c:/program files (x86)/atmel/studio/7.0/toolchain/arm/arm-gnu-toolchain/bin/../lib/gcc/arm-none-eabi/5.3.1/../../../../arm-none-eabi/lib/armv6-m\libc_nano.a(lib_a-nano-reallocr.o)
                                                  c:/program files (x86)/atmel/studio/7.0/toolchain/arm/arm-gnu-toolchain/bin/../lib/gcc/arm-none-eabi/5.3.1/../../../../arm-none-eabi/lib/armv6-m\libc_nano.a(lib_a-nano-svfprintf.o)
_fstat                                            src/ASF/sam0/utils/syscalls/gcc/syscalls.o
_getpid                                           src/ASF/sam0/utils/syscalls/gcc/syscalls.o
_global_impure_ptr                                c:/program files (x86)/atmel/studio/7.0/toolchain/arm/arm-gnu-toolchain/bin/../lib/gcc/arm-none-eabi/5.3.1/../../../../arm-none-eabi/lib/armv6-m\libc_nano.a(lib_a-impure.o)
                                                  c:/program files (x86)/atmel/studio/7.0/toolchain/arm/arm-gnu-toolchain/bin/../lib/gcc/arm-none-eabi/5.3.1/../../../../arm-none-eabi/lib/armv6-m\libc_nano.a(lib_a-exit.o)
_impure_ptr                                       c:/program files (x86)/atmel/studio/7.0/toolchain/arm/arm-gnu-toolchain/bin/../lib/gcc/arm-none-eabi/5.3.1/../../../../arm-none-eabi/lib/armv6-m\libc_nano.a(lib_a-impure.o)
                                                  c:/program files (x86)/atmel/studio/7.0/toolchain/arm/arm-gnu-toolchain/bin/../lib/gcc/arm-none-eabi/5.3.1/../../../../arm-none-eabi/lib/armv6-m\libc_nano.a(lib_a-reent.o)
                                                  c:/program files (x86)/atmel/studio/7.0/toolchain/arm/arm-gnu-toolchain/bin/../lib/gcc/arm-none-eabi/5.3.1/../../../../arm-none-eabi/lib/armv6-m\libc_nano.a(lib_a-sprintf.o)
_init                                             c:/program files (x86)/atmel/studio/7.0/toolchain/arm/arm-gnu-toolchain/bin/../lib/gcc/arm-none-eabi/5.3.1/armv6-m/crti.o
                                                  c:/program files (x86)/atmel/studio/7.0/toolchain/arm/arm-gnu-toolchain/bin/../lib/gcc/arm-none-eabi/5.3.1/../../../../arm-none-eabi/lib/armv6-m\libc_nano.a(lib_a-init.o)
_isatty                                           src/ASF/sam0/utils/syscalls/gcc/syscalls.o
_kill                                             src/ASF/sam0/utils/syscalls/gcc/syscalls.o
_lseek                                            src/ASF/sam0/utils/syscalls/gcc/syscalls.o
_mainCRTStartup                                   c:/program files (x86)/atmel/studio/7.0/toolchain/arm/arm-gnu-toolchain/bin/../lib/gcc/arm-none-eabi/5.3.1/../../../../arm-none-eabi/lib/armv6-m/crt0.o
_malloc_r                                         c:/program files (x86)/atmel/studio/7.0/toolchain/arm/arm-gnu-toolchain/bin/../lib/gcc/arm-none-eabi/5.3.1/../../../../arm-none-eabi/lib/armv6-m\libc_nano.a(lib_a-nano-mallocr.o)
                                                  c:/program files (x86)/atmel/studio/7.0/toolchain/arm/arm-gnu-toolchain/bin/../lib/gcc/arm-none-eabi/5.3.1/../../../../arm-none-eabi/lib/armv6-m\libc_nano.a(lib_a-nano-reallocr.o)
                                                  c:/program files (x86)/atmel/studio/7.0/toolchain/arm/arm-gnu-toolchain/bin/../lib/gcc/arm-none-eabi/5.3.1/../../../../arm-none-eabi/lib/armv6-m\libc_nano.a(lib_a-nano-svfprintf.o)
_malloc_usable_size_r                             c:/program files (x86)/atmel/studio/7.0/toolchain/arm/arm-gnu-toolchain/bin/../lib/gcc/arm-none-eabi/5.3.1/../../../../arm-none-eabi/lib/armv6-m\libc_nano.a(lib_a-nano-msizer.o)
                                                  c:/program files (x86)/atmel/studio/7.0/toolchain/arm/arm-gnu-toolchain/bin/../lib/gcc/arm-none-eabi/5.3.1/../../../../arm-none-eabi/lib/armv6-m\libc_nano.a(lib_a-nano-reallocr.o)
_printf_common                                    c:/program files (x86)/atmel/studio/7.0/toolchain/arm/arm-gnu-toolchain/bin/../lib/gcc/arm-none-eabi/5.3.1/../../../../arm-none-eabi/lib/armv6-m\libc_nano.a(lib_a-nano-vfprintf_i.o)
_printf_float                                     c:/program files (x86)/atmel/studio/7.0/toolchain/arm/arm-gnu-toolchain/bin/../lib/gcc/arm-none-eabi/5.3.1/../../../../arm-none-eabi/lib/armv6-m\libc_nano.a(lib_a-nano-svfprintf.o)
_printf_i                                         c:/program files (x86)/atmel/studio/7.0/toolchain/arm/arm-gnu-toolchain/bin/../lib/gcc/arm-none-eabi/5.3.1/../../../../arm-none-eabi/lib/armv6-m\libc_nano.a(lib_a-nano-vfprintf_i.o)
                                                  c:/program files (x86)/atmel/studio/7.0/toolchain/arm/arm-gnu-toolchain/bin/../lib/gcc/arm-none-eabi/5.3.1/../../../../arm-none-eabi/lib/armv6-m\libc_nano.a(lib_a-nano-svfprintf.o)
_realloc_r                                        c:/program files (x86)/atmel/studio/7.0/toolchain/arm/arm-gnu-toolchain/bin/../lib/gcc/arm-none-eabi/5.3.1/../../../../arm-none-eabi/lib/armv6-m\libc_nano.a(lib_a-nano-reallocr.o)
                                                  c:/program files (x86)/atmel/studio/7.0/toolchain/arm/arm-gnu-toolchain/bin/../lib/gcc/arm-none-eabi/5.3.1/../../../../arm-none-eabi/lib/armv6-m\libc_nano.a(lib_a-nano-svfprintf.o)
_reclaim_reent                                    c:/program files (x86)/atmel/studio/7.0/toolchain/arm/arm-gnu-toolchain/bin/../lib/gcc/arm-none-eabi/5.3.1/../../../../arm-none-eabi/lib/armv6-m\libc_nano.a(lib_a-reent.o)
_sbrk                                             src/ASF/sam0/utils/syscalls/gcc/syscalls.o
                                                  c:/program files (x86)/atmel/studio/7.0/toolchain/arm/arm-gnu-toolchain/bin/../lib/gcc/arm-none-eabi/5.3.1/../../../../arm-none-eabi/lib/armv6-m\libc_nano.a(lib_a-sbrkr.o)
_sbrk_r                                           c:/program files (x86)/atmel/studio/7.0/toolchain/arm/arm-gnu-toolchain/bin/../lib/gcc/arm-none-eabi/5.3.1/../../../../arm-none-eabi/lib/armv6-m\libc_nano.a(lib_a-sbrkr.o)
                                                  c:/program files (x86)/atmel/studio/7.0/toolchain/arm/arm-gnu-toolchain/bin/../lib/gcc/arm-none-eabi/5.3.1/../../../../arm-none-eabi/lib/armv6-m\libc_nano.a(lib_a-nano-mallocr.o)
_sercom_get_async_baud_val                        src/ASF/sam0/drivers/sercom/sercom.o
                                                  src/ASF/sam0/drivers/sercom/usart/usart.o
_sercom_get_default_pad                           src/ASF/sam0/drivers/sercom/sercom.o
                                                  src/ASF/sam0/drivers/sercom/usart/usart.o
                                                  src/ASF/sam0/drivers/sercom/spi/spi.o
_sercom_get_interrupt_vector                      src/ASF/sam0/drivers/sercom/sercom_interrupt.o
                                                  src/UARTsetup.o
_sercom_get_sercom_inst_index                     src/ASF/sam0/drivers/sercom/sercom.o
                                                  src/ASF/sam0/drivers/sercom/usart/usart.o
                                                  src/ASF/sam0/drivers/sercom/spi/spi.o
                                                  src/ASF/sam0/drivers/sercom/sercom_interrupt.o
_sercom_get_sync_baud_val                         src/ASF/sam0/drivers/sercom/sercom.o
                                                  src/ASF/sam0/drivers/sercom/usart/usart.o
                                                  src/ASF/sam0/drivers/sercom/spi/spi.o
_sercom_instances                                 src/ASF/sam0/drivers/sercom/sercom_interrupt.o
                                                  src/ASF/sam0/drivers/sercom/usart/usart.o
                                                  src/ASF/sam0/drivers/sercom/usart/usart_interrupt.o
_sercom_set_handler                               src/ASF/sam0/drivers/sercom/sercom_interrupt.o
                                                  src/ASF/sam0/drivers/sercom/usart/usart.o
_sfixed                                           src/ASF/sam0/utils/cmsis/samd21/source/gcc/startup_samd21.o
_siprintf_r                                       c:/program files (x86)/atmel/studio/7.0/toolchain/arm/arm-gnu-toolchain/bin/../lib/gcc/arm-none-eabi/5.3.1/../../../../arm-none-eabi/lib/armv6-m\libc_nano.a(lib_a-sprintf.o)
_sprintf_r                                        c:/program files (x86)/atmel/studio/7.0/toolchain/arm/arm-gnu-toolchain/bin/../lib/gcc/arm-none-eabi/5.3.1/../../../../arm-none-eabi/lib/armv6-m\libc_nano.a(lib_a-sprintf.o)
_srelocate                                        src/ASF/sam0/utils/cmsis/samd21/source/gcc/startup_samd21.o
_start                                            c:/program files (x86)/atmel/studio/7.0/toolchain/arm/arm-gnu-toolchain/bin/../lib/gcc/arm-none-eabi/5.3.1/../../../../arm-none-eabi/lib/armv6-m/crt0.o
_svfiprintf_r                                     c:/program files (x86)/atmel/studio/7.0/toolchain/arm/arm-gnu-toolchain/bin/../lib/gcc/arm-none-eabi/5.3.1/../../../../arm-none-eabi/lib/armv6-m\libc_nano.a(lib_a-nano-svfprintf.o)
_svfprintf_r                                      c:/program files (x86)/atmel/studio/7.0/toolchain/arm/arm-gnu-toolchain/bin/../lib/gcc/arm-none-eabi/5.3.1/../../../../arm-none-eabi/lib/armv6-m\libc_nano.a(lib_a-nano-svfprintf.o)
                                                  c:/program files (x86)/atmel/studio/7.0/toolchain/arm/arm-gnu-toolchain/bin/../lib/gcc/arm-none-eabi/5.3.1/../../../../arm-none-eabi/lib/armv6-m\libc_nano.a(lib_a-sprintf.o)
_system_divas_init                                src/ASF/sam0/drivers/system/system.o
_system_dummy_init                                src/ASF/sam0/drivers/system/system.o
_system_events_init                               src/ASF/sam0/drivers/system/system.o
_system_extint_init                               src/ASF/sam0/drivers/system/system.o
_szero                                            src/ASF/sam0/utils/cmsis/samd21/source/gcc/startup_samd21.o
_tc_get_inst_index                                src/ASF/sam0/drivers/tc/tc_sam_d_r/tc.o
                                                  src/timer.o
_tc_instances                                     src/ASF/sam0/drivers/tc/tc_interrupt.o
                                                  src/ASF/sam0/drivers/tc/tc_sam_d_r/tc.o
_tc_interrupt_handler                             src/ASF/sam0/drivers/tc/tc_interrupt.o
_usart_interrupt_handler                          src/ASF/sam0/drivers/sercom/usart/usart_interrupt.o
                                                  src/ASF/sam0/drivers/sercom/usart/usart.o
_usart_read_buffer                                src/ASF/sam0/drivers/sercom/usart/usart_interrupt.o
_usart_write_buffer                               src/ASF/sam0/drivers/sercom/usart/usart_interrupt.o
atexit                                            c:/program files (x86)/atmel/studio/7.0/toolchain/arm/arm-gnu-toolchain/bin/../lib/gcc/arm-none-eabi/5.3.1/../../../../arm-none-eabi/lib/armv6-m/crt0.o
board_init                                        src/ASF/sam0/boards/samd21_xplained_pro/board_init.o
bumpers_enum                                      src/qs_usart_basic_use.o
                                                  src/bumpers.o
bumpers_is_pushed                                 src/bumpers.o
                                                  src/qs_usart_basic_use.o
c                                                 src/qs_usart_basic_use.o
                                                  src/UARTsetup.o
                                                  src/timer.o
                                                  src/bumpers.o
cleanup_glue                                      c:/program files (x86)/atmel/studio/7.0/toolchain/arm/arm-gnu-toolchain/bin/../lib/gcc/arm-none-eabi/5.3.1/../../../../arm-none-eabi/lib/armv6-m\libc_nano.a(lib_a-reent.o)
configure_tc                                      src/timer.o
                                                  src/qs_usart_basic_use.o
configure_tc_callbacks                            src/timer.o
                                                  src/qs_usart_basic_use.o
configure_usart                                   src/UARTsetup.o
                                                  src/qs_usart_basic_use.o
configure_usart_callbacks                         src/UARTsetup.o
cpu_irq_enter_critical                            src/ASF/common/utils/interrupt/interrupt_sam_nvic.o
                                                  src/ASF/sam0/drivers/system/clock/clock_samd21_r21_da/gclk.o
                                                  src/ASF/sam0/drivers/sercom/usart/usart_interrupt.o
cpu_irq_leave_critical                            src/ASF/common/utils/interrupt/interrupt_sam_nvic.o
                                                  src/ASF/sam0/drivers/system/clock/clock_samd21_r21_da/gclk.o
                                                  src/ASF/sam0/drivers/sercom/usart/usart_interrupt.o
drone_state                                       src/qs_usart_basic_use.o
errno                                             c:/program files (x86)/atmel/studio/7.0/toolchain/arm/arm-gnu-toolchain/bin/../lib/gcc/arm-none-eabi/5.3.1/../../../../arm-none-eabi/lib/armv6-m\libc_nano.a(lib_a-reent.o)
                                                  c:/program files (x86)/atmel/studio/7.0/toolchain/arm/arm-gnu-toolchain/bin/../lib/gcc/arm-none-eabi/5.3.1/../../../../arm-none-eabi/lib/armv6-m\libc_nano.a(lib_a-sbrkr.o)
exception_table                                   src/ASF/sam0/utils/cmsis/samd21/source/gcc/startup_samd21.o
exit                                              c:/program files (x86)/atmel/studio/7.0/toolchain/arm/arm-gnu-toolchain/bin/../lib/gcc/arm-none-eabi/5.3.1/../../../../arm-none-eabi/lib/armv6-m\libc_nano.a(lib_a-exit.o)
                                                  c:/program files (x86)/atmel/studio/7.0/toolchain/arm/arm-gnu-toolchain/bin/../lib/gcc/arm-none-eabi/5.3.1/../../../../arm-none-eabi/lib/armv6-m/crt0.o
g_interrupt_enabled                               src/ASF/common/utils/interrupt/interrupt_sam_nvic.o
                                                  src/qs_usart_basic_use.o
hardware_init_hook                                c:/program files (x86)/atmel/studio/7.0/toolchain/arm/arm-gnu-toolchain/bin/../lib/gcc/arm-none-eabi/5.3.1/../../../../arm-none-eabi/lib/armv6-m/crt0.o
init_bumpers                                      src/bumpers.o
                                                  src/qs_usart_basic_use.o
init_button_landing                               src/button_landing.o
                                                  src/qs_usart_basic_use.o
landing_buttons_triggerd                          src/button_landing.o
link                                              src/ASF/sam0/utils/syscalls/gcc/syscalls.o
loop                                              src/qs_usart_basic_use.o
main                                              src/qs_usart_basic_use.o
                                                  src/ASF/sam0/utils/cmsis/samd21/source/gcc/startup_samd21.o
                                                  c:/program files (x86)/atmel/studio/7.0/toolchain/arm/arm-gnu-toolchain/bin/../lib/gcc/arm-none-eabi/5.3.1/../../../../arm-none-eabi/lib/armv6-m/crt0.o
memchr                                            c:/program files (x86)/atmel/studio/7.0/toolchain/arm/arm-gnu-toolchain/bin/../lib/gcc/arm-none-eabi/5.3.1/../../../../arm-none-eabi/lib/armv6-m\libc_nano.a(lib_a-memchr-stub.o)
                                                  c:/program files (x86)/atmel/studio/7.0/toolchain/arm/arm-gnu-toolchain/bin/../lib/gcc/arm-none-eabi/5.3.1/../../../../arm-none-eabi/lib/armv6-m\libc_nano.a(lib_a-nano-vfprintf_i.o)
                                                  c:/program files (x86)/atmel/studio/7.0/toolchain/arm/arm-gnu-toolchain/bin/../lib/gcc/arm-none-eabi/5.3.1/../../../../arm-none-eabi/lib/armv6-m\libc_nano.a(lib_a-nano-svfprintf.o)
memcpy                                            c:/program files (x86)/atmel/studio/7.0/toolchain/arm/arm-gnu-toolchain/bin/../lib/gcc/arm-none-eabi/5.3.1/../../../../arm-none-eabi/lib/armv6-m\libc_nano.a(lib_a-memcpy-stub.o)
                                                  c:/program files (x86)/atmel/studio/7.0/toolchain/arm/arm-gnu-toolchain/bin/../lib/gcc/arm-none-eabi/5.3.1/../../../../arm-none-eabi/lib/armv6-m\libc_nano.a(lib_a-nano-reallocr.o)
                                                  c:/program files (x86)/atmel/studio/7.0/toolchain/arm/arm-gnu-toolchain/bin/../lib/gcc/arm-none-eabi/5.3.1/../../../../arm-none-eabi/lib/armv6-m\libc_nano.a(lib_a-nano-svfprintf.o)
                                                  src/ASF/sam0/drivers/tc/tc_sam_d_r/tc.o
                                                  src/ASF/sam0/drivers/sercom/sercom_interrupt.o
memmove                                           c:/program files (x86)/atmel/studio/7.0/toolchain/arm/arm-gnu-toolchain/bin/../lib/gcc/arm-none-eabi/5.3.1/../../../../arm-none-eabi/lib/armv6-m\libc_nano.a(lib_a-memmove.o)
                                                  c:/program files (x86)/atmel/studio/7.0/toolchain/arm/arm-gnu-toolchain/bin/../lib/gcc/arm-none-eabi/5.3.1/../../../../arm-none-eabi/lib/armv6-m\libc_nano.a(lib_a-nano-svfprintf.o)
memset                                            c:/program files (x86)/atmel/studio/7.0/toolchain/arm/arm-gnu-toolchain/bin/../lib/gcc/arm-none-eabi/5.3.1/../../../../arm-none-eabi/lib/armv6-m\libc_nano.a(lib_a-memset.o)
                                                  c:/program files (x86)/atmel/studio/7.0/toolchain/arm/arm-gnu-toolchain/bin/../lib/gcc/arm-none-eabi/5.3.1/../../../../arm-none-eabi/lib/armv6-m/crt0.o
number_of_triggered_landing_buttons               src/button_landing.o
                                                  src/qs_usart_basic_use.o
port_group_set_config                             src/ASF/sam0/drivers/port/port.o
port_pin_set_config                               src/ASF/sam0/drivers/port/port.o
                                                  src/ASF/sam0/boards/samd21_xplained_pro/board_init.o
print                                             src/UARTsetup.o
                                                  src/qs_usart_basic_use.o
                                                  src/timer.o
printint                                          src/UARTsetup.o
println                                           src/UARTsetup.o
read_bumper                                       src/bumpers.o
read_button_landing                               src/button_landing.o
rx_buffer                                         src/qs_usart_basic_use.o
                                                  src/UARTsetup.o
                                                  src/timer.o
                                                  src/bumpers.o
sercom_set_gclk_generator                         src/ASF/sam0/drivers/sercom/sercom.o
                                                  src/ASF/sam0/drivers/sercom/usart/usart.o
                                                  src/ASF/sam0/drivers/sercom/spi/spi.o
setBufData                                        src/UARTsetup.o
siprintf                                          c:/program files (x86)/atmel/studio/7.0/toolchain/arm/arm-gnu-toolchain/bin/../lib/gcc/arm-none-eabi/5.3.1/../../../../arm-none-eabi/lib/armv6-m\libc_nano.a(lib_a-sprintf.o)
software_init_hook                                c:/program files (x86)/atmel/studio/7.0/toolchain/arm/arm-gnu-toolchain/bin/../lib/gcc/arm-none-eabi/5.3.1/../../../../arm-none-eabi/lib/armv6-m/crt0.o
spi_init                                          src/ASF/sam0/drivers/sercom/spi/spi.o
spi_read_buffer_wait                              src/ASF/sam0/drivers/sercom/spi/spi.o
spi_reset                                         src/ASF/sam0/drivers/sercom/spi/spi.o
spi_select_slave                                  src/ASF/sam0/drivers/sercom/spi/spi.o
spi_set_baudrate                                  src/ASF/sam0/drivers/sercom/spi/spi.o
spi_transceive_buffer_wait                        src/ASF/sam0/drivers/sercom/spi/spi.o
spi_transceive_wait                               src/ASF/sam0/drivers/sercom/spi/spi.o
spi_write_buffer_wait                             src/ASF/sam0/drivers/sercom/spi/spi.o
sprintf                                           c:/program files (x86)/atmel/studio/7.0/toolchain/arm/arm-gnu-toolchain/bin/../lib/gcc/arm-none-eabi/5.3.1/../../../../arm-none-eabi/lib/armv6-m\libc_nano.a(lib_a-sprintf.o)
                                                  src/UARTsetup.o
system_board_init                                 src/ASF/sam0/boards/samd21_xplained_pro/board_init.o
system_clock_init                                 src/ASF/sam0/drivers/system/clock/clock_samd21_r21_da/clock.o
system_clock_source_dfll_set_config               src/ASF/sam0/drivers/system/clock/clock_samd21_r21_da/clock.o
system_clock_source_disable                       src/ASF/sam0/drivers/system/clock/clock_samd21_r21_da/clock.o
system_clock_source_dpll_set_config               src/ASF/sam0/drivers/system/clock/clock_samd21_r21_da/clock.o
system_clock_source_enable                        src/ASF/sam0/drivers/system/clock/clock_samd21_r21_da/clock.o
system_clock_source_get_hz                        src/ASF/sam0/drivers/system/clock/clock_samd21_r21_da/clock.o
                                                  src/ASF/sam0/drivers/system/clock/clock_samd21_r21_da/gclk.o
system_clock_source_is_ready                      src/ASF/sam0/drivers/system/clock/clock_samd21_r21_da/clock.o
system_clock_source_osc32k_set_config             src/ASF/sam0/drivers/system/clock/clock_samd21_r21_da/clock.o
system_clock_source_osc8m_set_config              src/ASF/sam0/drivers/system/clock/clock_samd21_r21_da/clock.o
system_clock_source_write_calibration             src/ASF/sam0/drivers/system/clock/clock_samd21_r21_da/clock.o
system_clock_source_xosc32k_set_config            src/ASF/sam0/drivers/system/clock/clock_samd21_r21_da/clock.o
system_clock_source_xosc_set_config               src/ASF/sam0/drivers/system/clock/clock_samd21_r21_da/clock.o
system_gclk_chan_disable                          src/ASF/sam0/drivers/system/clock/clock_samd21_r21_da/gclk.o
system_gclk_chan_enable                           src/ASF/sam0/drivers/system/clock/clock_samd21_r21_da/gclk.o
                                                  src/ASF/sam0/drivers/sercom/usart/usart.o
                                                  src/ASF/sam0/drivers/sercom/spi/spi.o
                                                  src/ASF/sam0/drivers/sercom/sercom.o
                                                  src/ASF/sam0/drivers/tc/tc_sam_d_r/tc.o
system_gclk_chan_get_hz                           src/ASF/sam0/drivers/system/clock/clock_samd21_r21_da/gclk.o
                                                  src/ASF/sam0/drivers/system/clock/clock_samd21_r21_da/clock.o
                                                  src/ASF/sam0/drivers/sercom/usart/usart.o
                                                  src/ASF/sam0/drivers/sercom/spi/spi.o
system_gclk_chan_is_enabled                       src/ASF/sam0/drivers/system/clock/clock_samd21_r21_da/gclk.o
system_gclk_chan_is_locked                        src/ASF/sam0/drivers/system/clock/clock_samd21_r21_da/gclk.o
system_gclk_chan_lock                             src/ASF/sam0/drivers/system/clock/clock_samd21_r21_da/gclk.o
system_gclk_chan_set_config                       src/ASF/sam0/drivers/system/clock/clock_samd21_r21_da/gclk.o
                                                  src/ASF/sam0/drivers/system/clock/clock_samd21_r21_da/clock.o
                                                  src/ASF/sam0/drivers/sercom/usart/usart.o
                                                  src/ASF/sam0/drivers/sercom/spi/spi.o
                                                  src/ASF/sam0/drivers/sercom/sercom.o
                                                  src/ASF/sam0/drivers/tc/tc_sam_d_r/tc.o
system_gclk_gen_disable                           src/ASF/sam0/drivers/system/clock/clock_samd21_r21_da/gclk.o
system_gclk_gen_enable                            src/ASF/sam0/drivers/system/clock/clock_samd21_r21_da/gclk.o
                                                  src/ASF/sam0/drivers/system/clock/clock_samd21_r21_da/clock.o
system_gclk_gen_get_hz                            src/ASF/sam0/drivers/system/clock/clock_samd21_r21_da/gclk.o
system_gclk_gen_is_enabled                        src/ASF/sam0/drivers/system/clock/clock_samd21_r21_da/gclk.o
system_gclk_gen_set_config                        src/ASF/sam0/drivers/system/clock/clock_samd21_r21_da/gclk.o
                                                  src/ASF/sam0/drivers/system/clock/clock_samd21_r21_da/clock.o
system_gclk_init                                  src/ASF/sam0/drivers/system/clock/clock_samd21_r21_da/gclk.o
                                                  src/ASF/sam0/drivers/system/clock/clock_samd21_r21_da/clock.o
system_init                                       src/ASF/sam0/drivers/system/system.o
                                                  src/qs_usart_basic_use.o
system_interrupt_clear_pending                    src/ASF/sam0/drivers/system/interrupt/system_interrupt.o
system_interrupt_get_priority                     src/ASF/sam0/drivers/system/interrupt/system_interrupt.o
system_interrupt_is_pending                       src/ASF/sam0/drivers/system/interrupt/system_interrupt.o
system_interrupt_set_pending                      src/ASF/sam0/drivers/system/interrupt/system_interrupt.o
system_interrupt_set_priority                     src/ASF/sam0/drivers/system/interrupt/system_interrupt.o
system_pinmux_group_set_config                    src/ASF/sam0/drivers/system/pinmux/pinmux.o
                                                  src/ASF/sam0/drivers/port/port.o
system_pinmux_group_set_input_sample_mode         src/ASF/sam0/drivers/system/pinmux/pinmux.o
system_pinmux_group_set_output_strength           src/ASF/sam0/drivers/system/pinmux/pinmux.o
system_pinmux_pin_set_config                      src/ASF/sam0/drivers/system/pinmux/pinmux.o
                                                  src/ASF/sam0/drivers/sercom/usart/usart.o
                                                  src/ASF/sam0/drivers/sercom/spi/spi.o
                                                  src/ASF/sam0/drivers/port/port.o
                                                  src/ASF/sam0/drivers/tc/tc_sam_d_r/tc.o
tc_callback_to_send_data                          src/timer.o
tc_data                                           src/timer.o
tc_get_capture_value                              src/ASF/sam0/drivers/tc/tc_sam_d_r/tc.o
tc_get_count_value                                src/ASF/sam0/drivers/tc/tc_sam_d_r/tc.o